18:01:35 PATTERN HOST device=\\.\DISPLAY2 primary=False bounds=[3840, 0, 1920, 1080]
18:01:39 TV > QPW
18:01:39 TV < QPW:1
18:01:39 TV > MDL
18:01:39 TV < MDL:TX-P50VT60
18:01:39 TV > MIC:STA0713
18:01:39 TV < MIC:STA
18:01:39 TV > VIC:DAY
18:01:39 TV < VIC:DAY
18:01:39 TV > QPC:BRI
18:01:39 TV < QPC:BRI000
18:01:39 TV > QPC:CON
18:01:39 TV < QPC:CON060
18:01:39 TV > QPC:COL
18:01:39 TV < QPC:COL050
18:01:39 TV > QPC:TIN
18:01:39 TV < QPC:TIN000
18:01:39 TV > QPC:SHP
18:01:39 TV < QPC:SHP050
18:01:39 TV > QPC:TMP
18:01:39 TV < QPC:TMPWRM2
18:01:39 TV > QPC:GMM
18:01:39 TV < QPC:GMM2.2
18:01:39 TV > QPC:PBR
18:01:39 TV < QPC:PBRLow
18:01:39 TV > QPC:CGU
18:01:39 TV < QPC:CGUREC
18:01:39 TV > QWB:HIR
18:01:39 TV < QWB:HIR000
18:01:39 TV > QWB:HIG
18:01:39 TV < QWB:HIG000
18:01:39 TV > QWB:HIB
18:01:39 TV < QWB:HIB000
18:01:39 TV > QWB:LOR
18:01:39 TV < QWB:LOR000
18:01:39 TV > QWB:LOG
18:01:39 TV < QWB:LOG000
18:01:39 TV > QWB:LOB
18:01:39 TV < QWB:LOB000
18:01:39 TV > VWB:ISL010
18:01:39 TV < VWB:ISL
18:01:39 TV > VWB:SLG010
18:01:39 TV < VWB:SLG
18:01:39 TV > QWB:GNR
18:01:39 TV < QWB:GNR000
18:01:39 TV > QWB:GNG
18:01:39 TV < QWB:GNG000
18:01:39 TV > QWB:GNB
18:01:39 TV < QWB:GNB000
18:01:39 TV > QPC:GGN
18:01:39 TV < QPC:GGN000
18:01:39 TV > VWB:ISL020
18:01:39 TV < VWB:ISL
18:01:39 TV > VWB:SLG020
18:01:39 TV < VWB:SLG
18:01:39 TV > QWB:GNR
18:01:39 TV < QWB:GNR000
18:01:39 TV > QWB:GNG
18:01:39 TV < QWB:GNG000
18:01:39 TV > QWB:GNB
18:01:39 TV < QWB:GNB000
18:01:39 TV > QPC:GGN
18:01:39 TV < QPC:GGN000
18:01:39 TV > VWB:ISL030
18:01:39 TV < VWB:ISL
18:01:39 TV > VWB:SLG030
18:01:39 TV < VWB:SLG
18:01:39 TV > QWB:GNR
18:01:39 TV < QWB:GNR000
18:01:39 TV > QWB:GNG
18:01:39 TV < QWB:GNG000
18:01:39 TV > QWB:GNB
18:01:39 TV < QWB:GNB000
18:01:39 TV > QPC:GGN
18:01:39 TV < QPC:GGN000
18:01:39 TV > VWB:ISL040
18:01:39 TV < VWB:ISL
18:01:39 TV > VWB:SLG040
18:01:39 TV < VWB:SLG
18:01:39 TV > QWB:GNR
18:01:39 TV < QWB:GNR000
18:01:39 TV > QWB:GNG
18:01:39 TV < QWB:GNG000
18:01:39 TV > QWB:GNB
18:01:39 TV < QWB:GNB000
18:01:39 TV > QPC:GGN
18:01:39 TV < QPC:GGN000
18:01:39 TV > VWB:ISL050
18:01:39 TV < VWB:ISL
18:01:39 TV > VWB:SLG050
18:01:39 TV < VWB:SLG
18:01:39 TV > QWB:GNR
18:01:39 TV < QWB:GNR000
18:01:39 TV > QWB:GNG
18:01:39 TV < QWB:GNG000
18:01:39 TV > QWB:GNB
18:01:39 TV < QWB:GNB000
18:01:39 TV > QPC:GGN
18:01:39 TV < QPC:GGN000
18:01:39 TV > VWB:ISL060
18:01:39 TV < VWB:ISL
18:01:39 TV > VWB:SLG060
18:01:39 TV < VWB:SLG
18:01:39 TV > QWB:GNR
18:01:39 TV < QWB:GNR000
18:01:39 TV > QWB:GNG
18:01:39 TV < QWB:GNG000
18:01:39 TV > QWB:GNB
18:01:39 TV < QWB:GNB000
18:01:39 TV > QPC:GGN
18:01:39 TV < QPC:GGN000
18:01:39 TV > VWB:ISL070
18:01:39 TV < VWB:ISL
18:01:39 TV > VWB:SLG070
18:01:39 TV < VWB:SLG
18:01:39 TV > QWB:GNR
18:01:39 TV < QWB:GNR000
18:01:39 TV > QWB:GNG
18:01:39 TV < QWB:GNG000
18:01:39 TV > QWB:GNB
18:01:39 TV < QWB:GNB000
18:01:39 TV > QPC:GGN
18:01:39 TV < QPC:GGN000
18:01:39 TV > VWB:ISL080
18:01:39 TV < VWB:ISL
18:01:39 TV > VWB:SLG080
18:01:39 TV < VWB:SLG
18:01:39 TV > QWB:GNR
18:01:39 TV < QWB:GNR000
18:01:39 TV > QWB:GNG
18:01:39 TV < QWB:GNG000
18:01:39 TV > QWB:GNB
18:01:39 TV < QWB:GNB000
18:01:39 TV > QPC:GGN
18:01:39 TV < QPC:GGN000
18:01:39 TV > VWB:ISL090
18:01:39 TV < VWB:ISL
18:01:39 TV > VWB:SLG090
18:01:39 TV < VWB:SLG
18:01:39 TV > QWB:GNR
18:01:39 TV < QWB:GNR000
18:01:39 TV > QWB:GNG
18:01:39 TV < QWB:GNG000
18:01:39 TV > QWB:GNB
18:01:39 TV < QWB:GNB000
18:01:39 TV > QPC:GGN
18:01:39 TV < QPC:GGN000
18:01:39 TV > VWB:ISL100
18:01:39 TV < VWB:ISL
18:01:39 TV > VWB:SLG100
18:01:39 TV < VWB:SLG
18:01:39 TV > QWB:GNR
18:01:39 TV < QWB:GNR000
18:01:39 TV > QWB:GNG
18:01:39 TV < QWB:GNG000
18:01:39 TV > QWB:GNB
18:01:39 TV < QWB:GNB000
18:01:39 TV > QPC:GGN
18:01:39 TV < QPC:GGN000
18:01:39 SIGNAL CHAIN video LUT linearized with dispwin display=2 device=\\.\DISPLAY2
18:01:39 SETUP applying and verifying calibration preconditions
18:01:39 TV > VPC:BRI030
18:01:39 TV < VPC:BRI
18:01:39 TV > QPC:BRI
18:01:39 TV < QPC:BRI+30
18:01:39 TV > VPC:CON060
18:01:39 TV < VPC:CON
18:01:39 TV > QPC:CON
18:01:39 TV < QPC:CON060
18:01:39 TV > VPC:CGUREC
18:01:39 TV < VPC:CGU
18:01:39 TV > QPC:CGU
18:01:39 TV < QPC:CGUREC
18:01:39 TV > VPC:TMPWRM1
18:01:39 TV < VPC:TMP
18:01:39 TV > QPC:TMP
18:01:39 TV < QPC:TMPWRM2
18:01:39 TV > VPC:BRI000
18:01:39 TV < VPC:BRI
18:01:39 TV > QPC:BRI
18:01:39 TV < QPC:BRI000
18:01:39 TV > VPC:CON060
18:01:39 TV < VPC:CON
18:01:39 TV > QPC:CON
18:01:39 TV < QPC:CON060
18:01:39 TV > VPC:COL050
18:01:39 TV < VPC:COL
18:01:39 TV > QPC:COL
18:01:39 TV < QPC:COL050
18:01:39 TV > VPC:TIN000
18:01:39 TV < VPC:TIN
18:01:39 TV > QPC:TIN
18:01:39 TV < QPC:TIN000
18:01:39 TV > VPC:SHP050
18:01:39 TV < VPC:SHP
18:01:39 TV > QPC:SHP
18:01:39 TV < QPC:SHP050
18:01:39 TV > VPC:TMPWRM2
18:01:39 TV < VPC:TMP
18:01:39 TV > QPC:TMP
18:01:39 TV < QPC:TMPWRM2
18:01:39 TV > VPC:GMM2.2
18:01:39 TV < VPC:GMM
18:01:39 TV > QPC:GMM
18:01:39 TV < QPC:GMM2.2
18:01:39 TV > VPC:PBRLow
18:01:39 TV < VPC:PBR
18:01:39 TV > QPC:PBR
18:01:39 TV < QPC:PBRLow
18:01:39 TV > VPC:CGUREC
18:01:39 TV < VPC:CGU
18:01:39 TV > QPC:CGU
18:01:39 TV < QPC:CGUREC
18:01:39 TV > VWB:HIR000
18:01:39 TV < VWB:HIR
18:01:39 TV > QWB:HIR
18:01:39 TV < QWB:HIR000
18:01:39 TV > VWB:HIG000
18:01:39 TV < VWB:HIG
18:01:39 TV > QWB:HIG
18:01:39 TV < QWB:HIG000
18:01:39 TV > VWB:HIB000
18:01:39 TV < VWB:HIB
18:01:39 TV > QWB:HIB
18:01:39 TV < QWB:HIB000
18:01:39 TV > VWB:LOR000
18:01:39 TV < VWB:LOR
18:01:39 TV > QWB:LOR
18:01:39 TV < QWB:LOR000
18:01:39 TV > VWB:LOG000
18:01:39 TV < VWB:LOG
18:01:39 TV > QWB:LOG
18:01:39 TV < QWB:LOG000
18:01:39 TV > VWB:LOB000
18:01:39 TV < VWB:LOB
18:01:39 TV > QWB:LOB
18:01:40 TV < QWB:LOB000
18:01:40 TV > VWB:ISL010
18:01:40 TV < VWB:ISL
18:01:40 TV > VWB:SLG010
18:01:40 TV < VWB:SLG
18:01:40 TV > VWB:GNR000
18:01:40 TV < VWB:GNR
18:01:40 TV > QWB:GNR
18:01:40 TV < QWB:GNR000
18:01:40 TV > VWB:GNG000
18:01:40 TV < VWB:GNG
18:01:40 TV > QWB:GNG
18:01:40 TV < QWB:GNG000
18:01:40 TV > VWB:GNB000
18:01:40 TV < VWB:GNB
18:01:40 TV > QWB:GNB
18:01:40 TV < QWB:GNB000
18:01:40 TV > VPC:GGN000
18:01:40 TV < VPC:GGN
18:01:40 TV > QPC:GGN
18:01:40 TV < QPC:GGN000
18:01:40 TV > VWB:ISL020
18:01:40 TV < VWB:ISL
18:01:40 TV > VWB:SLG020
18:01:40 TV < VWB:SLG
18:01:40 TV > VWB:GNR000
18:01:40 TV < VWB:GNR
18:01:40 TV > QWB:GNR
18:01:40 TV < QWB:GNR000
18:01:40 TV > VWB:GNG000
18:01:40 TV < VWB:GNG
18:01:40 TV > QWB:GNG
18:01:40 TV < QWB:GNG000
18:01:40 TV > VWB:GNB000
18:01:40 TV < VWB:GNB
18:01:40 TV > QWB:GNB
18:01:40 TV < QWB:GNB000
18:01:40 TV > VPC:GGN000
18:01:40 TV < VPC:GGN
18:01:40 TV > QPC:GGN
18:01:40 TV < QPC:GGN000
18:01:40 TV > VWB:ISL030
18:01:40 TV < VWB:ISL
18:01:40 TV > VWB:SLG030
18:01:40 TV < VWB:SLG
18:01:40 TV > VWB:GNR000
18:01:40 TV < VWB:GNR
18:01:40 TV > QWB:GNR
18:01:40 TV < QWB:GNR000
18:01:40 TV > VWB:GNG000
18:01:40 TV < VWB:GNG
18:01:40 TV > QWB:GNG
18:01:40 TV < QWB:GNG000
18:01:40 TV > VWB:GNB000
18:01:40 TV < VWB:GNB
18:01:40 TV > QWB:GNB
18:01:40 TV < QWB:GNB000
18:01:40 TV > VPC:GGN000
18:01:40 TV < VPC:GGN
18:01:40 TV > QPC:GGN
18:01:40 TV < QPC:GGN000
18:01:40 TV > VWB:ISL040
18:01:40 TV < VWB:ISL
18:01:40 TV > VWB:SLG040
18:01:40 TV < VWB:SLG
18:01:40 TV > VWB:GNR000
18:01:40 TV < VWB:GNR
18:01:40 TV > QWB:GNR
18:01:40 TV < QWB:GNR000
18:01:40 TV > VWB:GNG000
18:01:40 TV < VWB:GNG
18:01:40 TV > QWB:GNG
18:01:40 TV < QWB:GNG000
18:01:40 TV > VWB:GNB000
18:01:40 TV < VWB:GNB
18:01:40 TV > QWB:GNB
18:01:40 TV < QWB:GNB000
18:01:40 TV > VPC:GGN000
18:01:40 TV < VPC:GGN
18:01:40 TV > QPC:GGN
18:01:40 TV < QPC:GGN000
18:01:40 TV > VWB:ISL050
18:01:40 TV < VWB:ISL
18:01:40 TV > VWB:SLG050
18:01:40 TV < VWB:SLG
18:01:40 TV > VWB:GNR000
18:01:40 TV < VWB:GNR
18:01:40 TV > QWB:GNR
18:01:40 TV < QWB:GNR000
18:01:40 TV > VWB:GNG000
18:01:40 TV < VWB:GNG
18:01:40 TV > QWB:GNG
18:01:40 TV < QWB:GNG000
18:01:40 TV > VWB:GNB000
18:01:40 TV < VWB:GNB
18:01:40 TV > QWB:GNB
18:01:40 TV < QWB:GNB000
18:01:40 TV > VPC:GGN000
18:01:40 TV < VPC:GGN
18:01:40 TV > QPC:GGN
18:01:40 TV < QPC:GGN000
18:01:40 TV > VWB:ISL060
18:01:40 TV < VWB:ISL
18:01:40 TV > VWB:SLG060
18:01:40 TV < VWB:SLG
18:01:40 TV > VWB:GNR000
18:01:40 TV < VWB:GNR
18:01:40 TV > QWB:GNR
18:01:40 TV < QWB:GNR000
18:01:40 TV > VWB:GNG000
18:01:40 TV < VWB:GNG
18:01:40 TV > QWB:GNG
18:01:40 TV < QWB:GNG000
18:01:40 TV > VWB:GNB000
18:01:40 TV < VWB:GNB
18:01:40 TV > QWB:GNB
18:01:40 TV < QWB:GNB000
18:01:40 TV > VPC:GGN000
18:01:40 TV < VPC:GGN
18:01:40 TV > QPC:GGN
18:01:40 TV < QPC:GGN000
18:01:40 TV > VWB:ISL070
18:01:40 TV < VWB:ISL
18:01:40 TV > VWB:SLG070
18:01:40 TV < VWB:SLG
18:01:40 TV > VWB:GNR000
18:01:40 TV < VWB:GNR
18:01:40 TV > QWB:GNR
18:01:40 TV < QWB:GNR000
18:01:40 TV > VWB:GNG000
18:01:40 TV < VWB:GNG
18:01:40 TV > QWB:GNG
18:01:40 TV < QWB:GNG000
18:01:40 TV > VWB:GNB000
18:01:40 TV < VWB:GNB
18:01:40 TV > QWB:GNB
18:01:40 TV < QWB:GNB000
18:01:40 TV > VPC:GGN000
18:01:40 TV < VPC:GGN
18:01:40 TV > QPC:GGN
18:01:40 TV < QPC:GGN000
18:01:40 TV > VWB:ISL080
18:01:40 TV < VWB:ISL
18:01:40 TV > VWB:SLG080
18:01:40 TV < VWB:SLG
18:01:40 TV > VWB:GNR000
18:01:40 TV < VWB:GNR
18:01:40 TV > QWB:GNR
18:01:40 TV < QWB:GNR000
18:01:40 TV > VWB:GNG000
18:01:40 TV < VWB:GNG
18:01:40 TV > QWB:GNG
18:01:40 TV < QWB:GNG000
18:01:40 TV > VWB:GNB000
18:01:40 TV < VWB:GNB
18:01:40 TV > QWB:GNB
18:01:40 TV < QWB:GNB000
18:01:40 TV > VPC:GGN000
18:01:40 TV < VPC:GGN
18:01:40 TV > QPC:GGN
18:01:40 TV < QPC:GGN000
18:01:40 TV > VWB:ISL090
18:01:40 TV < VWB:ISL
18:01:40 TV > VWB:SLG090
18:01:40 TV < VWB:SLG
18:01:40 TV > VWB:GNR000
18:01:40 TV < VWB:GNR
18:01:40 TV > QWB:GNR
18:01:40 TV < QWB:GNR000
18:01:40 TV > VWB:GNG000
18:01:40 TV < VWB:GNG
18:01:40 TV > QWB:GNG
18:01:40 TV < QWB:GNG000
18:01:40 TV > VWB:GNB000
18:01:40 TV < VWB:GNB
18:01:40 TV > QWB:GNB
18:01:40 TV < QWB:GNB000
18:01:40 TV > VPC:GGN000
18:01:40 TV < VPC:GGN
18:01:40 TV > QPC:GGN
18:01:40 TV < QPC:GGN000
18:01:40 TV > VWB:ISL100
18:01:40 TV < VWB:ISL
18:01:40 TV > VWB:SLG100
18:01:40 TV < VWB:SLG
18:01:40 TV > VWB:GNR000
18:01:40 TV < VWB:GNR
18:01:40 TV > QWB:GNR
18:01:40 TV < QWB:GNR000
18:01:40 TV > VWB:GNG000
18:01:40 TV < VWB:GNG
18:01:40 TV > QWB:GNG
18:01:40 TV < QWB:GNG000
18:01:40 TV > VWB:GNB000
18:01:40 TV < VWB:GNB
18:01:40 TV > QWB:GNB
18:01:40 TV < QWB:GNB000
18:01:40 TV > VPC:GGN000
18:01:40 TV < VPC:GGN
18:01:40 TV > QPC:GGN
18:01:40 TV < QPC:GGN000
18:01:40 TV > QPC:BRI
18:01:40 TV < QPC:BRI000
18:01:40 TV > QPC:CON
18:01:40 TV < QPC:CON060
18:01:40 TV > QPC:COL
18:01:40 TV < QPC:COL050
18:01:40 TV > QPC:TIN
18:01:40 TV < QPC:TIN000
18:01:40 TV > QPC:SHP
18:01:40 TV < QPC:SHP050
18:01:40 TV > QPC:TMP
18:01:40 TV < QPC:TMPWRM2
18:01:40 TV > QPC:GMM
18:01:40 TV < QPC:GMM2.2
18:01:40 TV > QPC:PBR
18:01:40 TV < QPC:PBRLow
18:01:40 TV > QPC:CGU
18:01:40 TV < QPC:CGUREC
18:01:40 TV > QWB:HIR
18:01:40 TV < QWB:HIR000
18:01:40 TV > QWB:HIG
18:01:40 TV < QWB:HIG000
18:01:40 TV > QWB:HIB
18:01:40 TV < QWB:HIB000
18:01:40 TV > QWB:LOR
18:01:40 TV < QWB:LOR000
18:01:40 TV > QWB:LOG
18:01:40 TV < QWB:LOG000
18:01:40 TV > QWB:LOB
18:01:40 TV < QWB:LOB000
18:01:40 TV > VWB:ISL010
18:01:40 TV < VWB:ISL
18:01:40 TV > VWB:SLG010
18:01:40 TV < VWB:SLG
18:01:40 TV > QWB:GNR
18:01:40 TV < QWB:GNR000
18:01:40 TV > QWB:GNG
18:01:40 TV < QWB:GNG000
18:01:40 TV > QWB:GNB
18:01:40 TV < QWB:GNB000
18:01:40 TV > QPC:GGN
18:01:40 TV < QPC:GGN000
18:01:40 TV > VWB:ISL020
18:01:40 TV < VWB:ISL
18:01:40 TV > VWB:SLG020
18:01:40 TV < VWB:SLG
18:01:40 TV > QWB:GNR
18:01:40 TV < QWB:GNR000
18:01:40 TV > QWB:GNG
18:01:40 TV < QWB:GNG000
18:01:40 TV > QWB:GNB
18:01:40 TV < QWB:GNB000
18:01:40 TV > QPC:GGN
18:01:40 TV < QPC:GGN000
18:01:40 TV > VWB:ISL030
18:01:40 TV < VWB:ISL
18:01:40 TV > VWB:SLG030
18:01:40 TV < VWB:SLG
18:01:40 TV > QWB:GNR
18:01:40 TV < QWB:GNR000
18:01:40 TV > QWB:GNG
18:01:40 TV < QWB:GNG000
18:01:40 TV > QWB:GNB
18:01:40 TV < QWB:GNB000
18:01:40 TV > QPC:GGN
18:01:40 TV < QPC:GGN000
18:01:40 TV > VWB:ISL040
18:01:40 TV < VWB:ISL
18:01:40 TV > VWB:SLG040
18:01:40 TV < VWB:SLG
18:01:40 TV > QWB:GNR
18:01:40 TV < QWB:GNR000
18:01:40 TV > QWB:GNG
18:01:40 TV < QWB:GNG000
18:01:40 TV > QWB:GNB
18:01:40 TV < QWB:GNB000
18:01:40 TV > QPC:GGN
18:01:40 TV < QPC:GGN000
18:01:40 TV > VWB:ISL050
18:01:40 TV < VWB:ISL
18:01:40 TV > VWB:SLG050
18:01:40 TV < VWB:SLG
18:01:40 TV > QWB:GNR
18:01:40 TV < QWB:GNR000
18:01:40 TV > QWB:GNG
18:01:40 TV < QWB:GNG000
18:01:40 TV > QWB:GNB
18:01:40 TV < QWB:GNB000
18:01:40 TV > QPC:GGN
18:01:40 TV < QPC:GGN000
18:01:40 TV > VWB:ISL060
18:01:40 TV < VWB:ISL
18:01:40 TV > VWB:SLG060
18:01:40 TV < VWB:SLG
18:01:40 TV > QWB:GNR
18:01:40 TV < QWB:GNR000
18:01:40 TV > QWB:GNG
18:01:40 TV < QWB:GNG000
18:01:40 TV > QWB:GNB
18:01:40 TV < QWB:GNB000
18:01:40 TV > QPC:GGN
18:01:40 TV < QPC:GGN000
18:01:40 TV > VWB:ISL070
18:01:40 TV < VWB:ISL
18:01:40 TV > VWB:SLG070
18:01:40 TV < VWB:SLG
18:01:40 TV > QWB:GNR
18:01:40 TV < QWB:GNR000
18:01:40 TV > QWB:GNG
18:01:40 TV < QWB:GNG000
18:01:40 TV > QWB:GNB
18:01:40 TV < QWB:GNB000
18:01:40 TV > QPC:GGN
18:01:40 TV < QPC:GGN000
18:01:40 TV > VWB:ISL080
18:01:41 TV < VWB:ISL
18:01:41 TV > VWB:SLG080
18:01:41 TV < VWB:SLG
18:01:41 TV > QWB:GNR
18:01:41 TV < QWB:GNR000
18:01:41 TV > QWB:GNG
18:01:41 TV < QWB:GNG000
18:01:41 TV > QWB:GNB
18:01:41 TV < QWB:GNB000
18:01:41 TV > QPC:GGN
18:01:41 TV < QPC:GGN000
18:01:41 TV > VWB:ISL090
18:01:41 TV < VWB:ISL
18:01:41 TV > VWB:SLG090
18:01:41 TV < VWB:SLG
18:01:41 TV > QWB:GNR
18:01:41 TV < QWB:GNR000
18:01:41 TV > QWB:GNG
18:01:41 TV < QWB:GNG000
18:01:41 TV > QWB:GNB
18:01:41 TV < QWB:GNB000
18:01:41 TV > QPC:GGN
18:01:41 TV < QPC:GGN000
18:01:41 TV > VWB:ISL100
18:01:41 TV < VWB:ISL
18:01:41 TV > VWB:SLG100
18:01:41 TV < VWB:SLG
18:01:41 TV > QWB:GNR
18:01:41 TV < QWB:GNR000
18:01:41 TV > QWB:GNG
18:01:41 TV < QWB:GNG000
18:01:41 TV > QWB:GNB
18:01:41 TV < QWB:GNB000
18:01:41 TV > QPC:GGN
18:01:41 TV < QPC:GGN000
18:01:41 SETUP FAILURE original TV snapshot restored
18:01:41 SIGNAL CHAIN original video LUT restored after failure
18:01:41 TV > VIC:FIX
18:01:41 TV < VIC:FIX
18:01:41 TV > MIC:END
18:01:41 AUTOCAL FAILED RuntimeError("PC:TMP readback mismatch: requested 'WRM1', got 'WRM2'")
