18:13:51 PATTERN HOST device=\\.\DISPLAY2 primary=False bounds=[3840, 0, 1920, 1080]
18:13:51 TV CONNECT 192.168.1.105:2048 attempt 1/3 cycle 1/2
18:13:51 TV > QPW
18:13:51 TV < QPW:1
18:13:51 TV > MDL
18:13:51 TV < MDL:TX-P50VT60
18:13:51 TV > MIC:STA0713
18:13:51 TV < MIC:STA
18:13:51 TV > VIC:DAY
18:13:51 TV < VIC:DAY
18:13:57 TV > QPC:BRI
18:13:57 TV < QPC:BRI000
18:13:57 TV > QPC:CON
18:13:57 TV < QPC:CON060
18:13:57 TV > QPC:COL
18:13:57 TV < QPC:COL050
18:13:57 TV > QPC:TIN
18:13:57 TV < QPC:TIN000
18:13:57 TV > QPC:SHP
18:13:57 TV < QPC:SHP050
18:13:57 TV > QPC:TMP
18:13:57 TV < QPC:TMPWRM2
18:13:57 TV > QPC:GMM
18:13:57 TV < QPC:GMM2.2
18:13:57 TV > QPC:PBR
18:13:57 TV < QPC:PBRLow
18:13:57 TV > QPC:CGU
18:13:57 TV < QPC:CGUREC
18:13:57 TV > QWB:HIR
18:13:57 TV < QWB:HIR000
18:13:57 TV > QWB:HIG
18:13:57 TV < QWB:HIG000
18:13:57 TV > QWB:HIB
18:13:57 TV < QWB:HIB000
18:13:57 TV > QWB:LOR
18:13:57 TV < QWB:LOR000
18:13:57 TV > QWB:LOG
18:13:57 TV < QWB:LOG000
18:13:57 TV > QWB:LOB
18:13:57 TV < QWB:LOB000
18:13:57 TV > VWB:ISL010
18:13:57 TV < VWB:ISL
18:13:57 TV > VWB:SLG010
18:13:57 TV < VWB:SLG
18:13:57 TV > QWB:GNR
18:13:57 TV < QWB:GNR000
18:13:57 TV > QWB:GNG
18:13:57 TV < QWB:GNG000
18:13:57 TV > QWB:GNB
18:13:57 TV < QWB:GNB000
18:13:57 TV > QPC:GGN
18:13:57 TV < QPC:GGN000
18:13:57 TV > VWB:ISL020
18:13:57 TV < VWB:ISL
18:13:57 TV > VWB:SLG020
18:13:57 TV < VWB:SLG
18:13:57 TV > QWB:GNR
18:13:57 TV < QWB:GNR000
18:13:57 TV > QWB:GNG
18:13:57 TV < QWB:GNG000
18:13:57 TV > QWB:GNB
18:13:57 TV < QWB:GNB000
18:13:57 TV > QPC:GGN
18:13:57 TV < QPC:GGN000
18:13:57 TV > VWB:ISL030
18:13:57 TV < VWB:ISL
18:13:57 TV > VWB:SLG030
18:13:57 TV < VWB:SLG
18:13:57 TV > QWB:GNR
18:13:57 TV < QWB:GNR000
18:13:57 TV > QWB:GNG
18:13:57 TV < QWB:GNG000
18:13:57 TV > QWB:GNB
18:13:57 TV < QWB:GNB000
18:13:57 TV > QPC:GGN
18:13:57 TV < QPC:GGN000
18:13:57 TV > VWB:ISL040
18:13:57 TV < VWB:ISL
18:13:57 TV > VWB:SLG040
18:13:57 TV < VWB:SLG
18:13:57 TV > QWB:GNR
18:13:57 TV < QWB:GNR000
18:13:57 TV > QWB:GNG
18:13:57 TV < QWB:GNG000
18:13:57 TV > QWB:GNB
18:13:57 TV < QWB:GNB000
18:13:57 TV > QPC:GGN
18:13:57 TV < QPC:GGN000
18:13:57 TV > VWB:ISL050
18:13:57 TV < VWB:ISL
18:13:57 TV > VWB:SLG050
18:13:57 TV < VWB:SLG
18:13:57 TV > QWB:GNR
18:13:57 TV < QWB:GNR000
18:13:57 TV > QWB:GNG
18:13:57 TV < QWB:GNG000
18:13:57 TV > QWB:GNB
18:13:57 TV < QWB:GNB000
18:13:57 TV > QPC:GGN
18:13:57 TV < QPC:GGN000
18:13:57 TV > VWB:ISL060
18:13:57 TV < VWB:ISL
18:13:57 TV > VWB:SLG060
18:13:57 TV < VWB:SLG
18:13:57 TV > QWB:GNR
18:13:57 TV < QWB:GNR000
18:13:57 TV > QWB:GNG
18:13:57 TV < QWB:GNG000
18:13:57 TV > QWB:GNB
18:13:57 TV < QWB:GNB000
18:13:57 TV > QPC:GGN
18:13:57 TV < QPC:GGN000
18:13:57 TV > VWB:ISL070
18:13:57 TV < VWB:ISL
18:13:57 TV > VWB:SLG070
18:13:57 TV < VWB:SLG
18:13:57 TV > QWB:GNR
18:13:57 TV < QWB:GNR000
18:13:57 TV > QWB:GNG
18:13:57 TV < QWB:GNG000
18:13:57 TV > QWB:GNB
18:13:57 TV < QWB:GNB000
18:13:57 TV > QPC:GGN
18:13:57 TV < QPC:GGN000
18:13:57 TV > VWB:ISL080
18:13:57 TV < VWB:ISL
18:13:57 TV > VWB:SLG080
18:13:57 TV < VWB:SLG
18:13:57 TV > QWB:GNR
18:13:57 TV < QWB:GNR000
18:13:57 TV > QWB:GNG
18:13:57 TV < QWB:GNG000
18:13:57 TV > QWB:GNB
18:13:57 TV < QWB:GNB000
18:13:57 TV > QPC:GGN
18:13:57 TV < QPC:GGN000
18:13:57 TV > VWB:ISL090
18:13:57 TV < VWB:ISL
18:13:57 TV > VWB:SLG090
18:13:57 TV < VWB:SLG
18:13:57 TV > QWB:GNR
18:13:57 TV < QWB:GNR000
18:13:57 TV > QWB:GNG
18:13:57 TV < QWB:GNG000
18:13:57 TV > QWB:GNB
18:13:57 TV < QWB:GNB000
18:13:57 TV > QPC:GGN
18:13:57 TV < QPC:GGN000
18:13:57 TV > VWB:ISL100
18:13:57 TV < VWB:ISL
18:13:57 TV > VWB:SLG100
18:13:57 TV < VWB:SLG
18:13:57 TV > QWB:GNR
18:13:57 TV < QWB:GNR000
18:13:57 TV > QWB:GNG
18:13:57 TV < QWB:GNG000
18:13:57 TV > QWB:GNB
18:13:57 TV < QWB:GNB000
18:13:57 TV > QPC:GGN
18:13:57 TV < QPC:GGN000
18:13:57 SIGNAL CHAIN video LUT linearized with dispwin display=2 device=\\.\DISPLAY2
18:13:57 SETUP applying and verifying calibration preconditions
18:13:57 TV > VPC:BRI030
18:13:57 TV < VPC:BRI
18:13:57 TV > QPC:BRI
18:13:57 TV < QPC:BRI+30
18:13:57 TV > VPC:CON060
18:13:57 TV < VPC:CON
18:13:57 TV > QPC:CON
18:13:57 TV < QPC:CON060
18:13:57 TV > VPC:CGUREC
18:13:57 TV < VPC:CGU
18:13:57 TV > QPC:CGU
18:13:57 TV < QPC:CGUREC
18:13:57 TV > VPC:TMPWRM2
18:13:57 TV < VPC:TMP
18:13:57 TV > QPC:TMP
18:13:57 TV < QPC:TMPWRM2
18:13:57 TV > VPC:GMM2.4
18:13:57 TV < VPC:GMM
18:13:57 TV > QPC:GMM
18:13:57 TV < QPC:GMM2.4
18:13:57 TV > VPC:PBRLow
18:13:57 TV < VPC:PBR
18:13:57 TV > QPC:PBR
18:13:57 TV < QPC:PBRLow
18:13:57 TV > VWB:HIR000
18:13:57 TV < VWB:HIR
18:13:57 TV > QWB:HIR
18:13:57 TV < QWB:HIR000
18:13:57 TV > VWB:HIG000
18:13:57 TV < VWB:HIG
18:13:57 TV > QWB:HIG
18:13:57 TV < QWB:HIG000
18:13:57 TV > VWB:HIB000
18:13:57 TV < VWB:HIB
18:13:57 TV > QWB:HIB
18:13:57 TV < QWB:HIB000
18:13:57 TV > VWB:LOR000
18:13:57 TV < VWB:LOR
18:13:57 TV > QWB:LOR
18:13:57 TV < QWB:LOR000
18:13:57 TV > VWB:LOG000
18:13:57 TV < VWB:LOG
18:13:57 TV > QWB:LOG
18:13:57 TV < QWB:LOG000
18:13:57 TV > VWB:LOB000
18:13:57 TV < VWB:LOB
18:13:57 TV > QWB:LOB
18:13:57 TV < QWB:LOB000
18:13:57 TV > VWB:ISL010
18:13:57 TV < VWB:ISL
18:13:57 TV > VWB:SLG010
18:13:57 TV < VWB:SLG
18:13:57 TV > VWB:GNR000
18:13:57 TV < VWB:GNR
18:13:57 TV > QWB:GNR
18:13:57 TV < QWB:GNR000
18:13:57 TV > VWB:GNG000
18:13:57 TV < VWB:GNG
18:13:57 TV > QWB:GNG
18:13:57 TV < QWB:GNG000
18:13:57 TV > VWB:GNB000
18:13:57 TV < VWB:GNB
18:13:57 TV > QWB:GNB
18:13:57 TV < QWB:GNB000
18:13:57 TV > VPC:GGN000
18:13:58 TV < VPC:GGN
18:13:58 TV > QPC:GGN
18:13:58 TV < QPC:GGN000
18:13:58 TV > VWB:ISL020
18:13:58 TV < VWB:ISL
18:13:58 TV > VWB:SLG020
18:13:58 TV < VWB:SLG
18:13:58 TV > VWB:GNR000
18:13:58 TV < VWB:GNR
18:13:58 TV > QWB:GNR
18:13:58 TV < QWB:GNR000
18:13:58 TV > VWB:GNG000
18:13:58 TV < VWB:GNG
18:13:58 TV > QWB:GNG
18:13:58 TV < QWB:GNG000
18:13:58 TV > VWB:GNB000
18:13:58 TV < VWB:GNB
18:13:58 TV > QWB:GNB
18:13:58 TV < QWB:GNB000
18:13:58 TV > VPC:GGN000
18:13:58 TV < VPC:GGN
18:13:58 TV > QPC:GGN
18:13:58 TV < QPC:GGN000
18:13:58 TV > VWB:ISL030
18:13:58 TV < VWB:ISL
18:13:58 TV > VWB:SLG030
18:13:58 TV < VWB:SLG
18:13:58 TV > VWB:GNR000
18:13:58 TV < VWB:GNR
18:13:58 TV > QWB:GNR
18:13:58 TV < QWB:GNR000
18:13:58 TV > VWB:GNG000
18:13:58 TV < VWB:GNG
18:13:58 TV > QWB:GNG
18:13:58 TV < QWB:GNG000
18:13:58 TV > VWB:GNB000
18:13:58 TV < VWB:GNB
18:13:58 TV > QWB:GNB
18:13:58 TV < QWB:GNB000
18:13:58 TV > VPC:GGN000
18:13:58 TV < VPC:GGN
18:13:58 TV > QPC:GGN
18:13:58 TV < QPC:GGN000
18:13:58 TV > VWB:ISL040
18:13:58 TV < VWB:ISL
18:13:58 TV > VWB:SLG040
18:13:58 TV < VWB:SLG
18:13:58 TV > VWB:GNR000
18:13:58 TV < VWB:GNR
18:13:58 TV > QWB:GNR
18:13:58 TV < QWB:GNR000
18:13:58 TV > VWB:GNG000
18:13:58 TV < VWB:GNG
18:13:58 TV > QWB:GNG
18:13:58 TV < QWB:GNG000
18:13:58 TV > VWB:GNB000
18:13:58 TV < VWB:GNB
18:13:58 TV > QWB:GNB
18:13:58 TV < QWB:GNB000
18:13:58 TV > VPC:GGN000
18:13:58 TV < VPC:GGN
18:13:58 TV > QPC:GGN
18:13:58 TV < QPC:GGN000
18:13:58 TV > VWB:ISL050
18:13:58 TV < VWB:ISL
18:13:58 TV > VWB:SLG050
18:13:58 TV < VWB:SLG
18:13:58 TV > VWB:GNR000
18:13:58 TV < VWB:GNR
18:13:58 TV > QWB:GNR
18:13:58 TV < QWB:GNR000
18:13:58 TV > VWB:GNG000
18:13:58 TV < VWB:GNG
18:13:58 TV > QWB:GNG
18:13:58 TV < QWB:GNG000
18:13:58 TV > VWB:GNB000
18:13:58 TV < VWB:GNB
18:13:58 TV > QWB:GNB
18:13:58 TV < QWB:GNB000
18:13:58 TV > VPC:GGN000
18:13:58 TV < VPC:GGN
18:13:58 TV > QPC:GGN
18:13:58 TV < QPC:GGN000
18:13:58 TV > VWB:ISL060
18:13:58 TV < VWB:ISL
18:13:58 TV > VWB:SLG060
18:13:58 TV < VWB:SLG
18:13:58 TV > VWB:GNR000
18:13:58 TV < VWB:GNR
18:13:58 TV > QWB:GNR
18:13:58 TV < QWB:GNR000
18:13:58 TV > VWB:GNG000
18:13:58 TV < VWB:GNG
18:13:58 TV > QWB:GNG
18:13:58 TV < QWB:GNG000
18:13:58 TV > VWB:GNB000
18:13:58 TV < VWB:GNB
18:13:58 TV > QWB:GNB
18:13:58 TV < QWB:GNB000
18:13:58 TV > VPC:GGN000
18:13:58 TV < VPC:GGN
18:13:58 TV > QPC:GGN
18:13:58 TV < QPC:GGN000
18:13:58 TV > VWB:ISL070
18:13:58 TV < VWB:ISL
18:13:58 TV > VWB:SLG070
18:13:58 TV < VWB:SLG
18:13:58 TV > VWB:GNR000
18:13:58 TV < VWB:GNR
18:13:58 TV > QWB:GNR
18:13:58 TV < QWB:GNR000
18:13:58 TV > VWB:GNG000
18:13:58 TV < VWB:GNG
18:13:58 TV > QWB:GNG
18:13:58 TV < QWB:GNG000
18:13:58 TV > VWB:GNB000
18:13:58 TV < VWB:GNB
18:13:58 TV > QWB:GNB
18:13:58 TV < QWB:GNB000
18:13:58 TV > VPC:GGN000
18:13:58 TV < VPC:GGN
18:13:58 TV > QPC:GGN
18:13:58 TV < QPC:GGN000
18:13:58 TV > VWB:ISL080
18:13:58 TV < VWB:ISL
18:13:58 TV > VWB:SLG080
18:13:58 TV < VWB:SLG
18:13:58 TV > VWB:GNR000
18:13:58 TV < VWB:GNR
18:13:58 TV > QWB:GNR
18:13:58 TV < QWB:GNR000
18:13:58 TV > VWB:GNG000
18:13:58 TV < VWB:GNG
18:13:58 TV > QWB:GNG
18:13:58 TV < QWB:GNG000
18:13:58 TV > VWB:GNB000
18:13:58 TV < VWB:GNB
18:13:58 TV > QWB:GNB
18:13:58 TV < QWB:GNB000
18:13:58 TV > VPC:GGN000
18:13:58 TV < VPC:GGN
18:13:58 TV > QPC:GGN
18:13:58 TV < QPC:GGN000
18:13:58 TV > VWB:ISL090
18:13:58 TV < VWB:ISL
18:13:58 TV > VWB:SLG090
18:13:58 TV < VWB:SLG
18:13:58 TV > VWB:GNR000
18:13:58 TV < VWB:GNR
18:13:58 TV > QWB:GNR
18:13:58 TV < QWB:GNR000
18:13:58 TV > VWB:GNG000
18:13:58 TV < VWB:GNG
18:13:58 TV > QWB:GNG
18:13:58 TV < QWB:GNG000
18:13:58 TV > VWB:GNB000
18:13:58 TV < VWB:GNB
18:13:58 TV > QWB:GNB
18:13:58 TV < QWB:GNB000
18:13:58 TV > VPC:GGN000
18:13:58 TV < VPC:GGN
18:13:58 TV > QPC:GGN
18:13:58 TV < QPC:GGN000
18:13:58 TV > VWB:ISL100
18:13:58 TV < VWB:ISL
18:13:58 TV > VWB:SLG100
18:13:58 TV < VWB:SLG
18:13:58 TV > VWB:GNR000
18:13:58 TV < VWB:GNR
18:13:58 TV > QWB:GNR
18:13:58 TV < QWB:GNR000
18:13:58 TV > VWB:GNG000
18:13:58 TV < VWB:GNG
18:13:58 TV > QWB:GNG
18:13:58 TV < QWB:GNG000
18:13:58 TV > VWB:GNB000
18:13:58 TV < VWB:GNB
18:13:58 TV > QWB:GNB
18:13:58 TV < QWB:GNB000
18:13:58 TV > VPC:GGN000
18:13:58 TV < VPC:GGN
18:13:58 TV > QPC:GGN
18:13:58 TV < QPC:GGN000
18:13:58 TV > QPC:BRI
18:13:58 TV < QPC:BRI+30
18:13:58 TV > QPC:CON
18:13:58 TV < QPC:CON060
18:13:58 TV > QPC:COL
18:13:58 TV < QPC:COL050
18:13:58 TV > QPC:TIN
18:13:58 TV < QPC:TIN000
18:13:58 TV > QPC:SHP
18:13:58 TV < QPC:SHP050
18:13:58 TV > QPC:TMP
18:13:58 TV < QPC:TMPWRM2
18:13:58 TV > QPC:GMM
18:13:58 TV < QPC:GMM2.4
18:13:58 TV > QPC:PBR
18:13:58 TV < QPC:PBRLow
18:13:58 TV > QPC:CGU
18:13:58 TV < QPC:CGUREC
18:13:58 TV > QWB:HIR
18:13:58 TV < QWB:HIR000
18:13:58 TV > QWB:HIG
18:13:58 TV < QWB:HIG000
18:13:58 TV > QWB:HIB
18:13:58 TV < QWB:HIB000
18:13:58 TV > QWB:LOR
18:13:58 TV < QWB:LOR000
18:13:58 TV > QWB:LOG
18:13:58 TV < QWB:LOG000
18:13:58 TV > QWB:LOB
18:13:58 TV < QWB:LOB000
18:13:58 TV > VWB:ISL010
18:13:58 TV < VWB:ISL
18:13:58 TV > VWB:SLG010
18:13:58 TV < VWB:SLG
18:13:58 TV > QWB:GNR
18:13:58 TV < QWB:GNR000
18:13:58 TV > QWB:GNG
18:13:58 TV < QWB:GNG000
18:13:58 TV > QWB:GNB
18:13:58 TV < QWB:GNB000
18:13:58 TV > QPC:GGN
18:13:58 TV < QPC:GGN000
18:13:58 TV > VWB:ISL020
18:13:58 TV < VWB:ISL
18:13:58 TV > VWB:SLG020
18:13:58 TV < VWB:SLG
18:13:58 TV > QWB:GNR
18:13:58 TV < QWB:GNR000
18:13:58 TV > QWB:GNG
18:13:58 TV < QWB:GNG000
18:13:58 TV > QWB:GNB
18:13:58 TV < QWB:GNB000
18:13:58 TV > QPC:GGN
18:13:58 TV < QPC:GGN000
18:13:58 TV > VWB:ISL030
18:13:58 TV < VWB:ISL
18:13:58 TV > VWB:SLG030
18:13:58 TV < VWB:SLG
18:13:58 TV > QWB:GNR
18:13:58 TV < QWB:GNR000
18:13:58 TV > QWB:GNG
18:13:58 TV < QWB:GNG000
18:13:58 TV > QWB:GNB
18:13:58 TV < QWB:GNB000
18:13:58 TV > QPC:GGN
18:13:58 TV < QPC:GGN000
18:13:58 TV > VWB:ISL040
18:13:58 TV < VWB:ISL
18:13:58 TV > VWB:SLG040
18:13:58 TV < VWB:SLG
18:13:58 TV > QWB:GNR
18:13:58 TV < QWB:GNR000
18:13:58 TV > QWB:GNG
18:13:58 TV < QWB:GNG000
18:13:58 TV > QWB:GNB
18:13:58 TV < QWB:GNB000
18:13:58 TV > QPC:GGN
18:13:58 TV < QPC:GGN000
18:13:58 TV > VWB:ISL050
18:13:58 TV < VWB:ISL
18:13:58 TV > VWB:SLG050
18:13:58 TV < VWB:SLG
18:13:58 TV > QWB:GNR
18:13:58 TV < QWB:GNR000
18:13:58 TV > QWB:GNG
18:13:58 TV < QWB:GNG000
18:13:58 TV > QWB:GNB
18:13:58 TV < QWB:GNB000
18:13:58 TV > QPC:GGN
18:13:58 TV < QPC:GGN000
18:13:58 TV > VWB:ISL060
18:13:58 TV < VWB:ISL
18:13:58 TV > VWB:SLG060
18:13:58 TV < VWB:SLG
18:13:58 TV > QWB:GNR
18:13:58 TV < QWB:GNR000
18:13:58 TV > QWB:GNG
18:13:58 TV < QWB:GNG000
18:13:58 TV > QWB:GNB
18:13:58 TV < QWB:GNB000
18:13:58 TV > QPC:GGN
18:13:58 TV < QPC:GGN000
18:13:58 TV > VWB:ISL070
18:13:58 TV < VWB:ISL
18:13:58 TV > VWB:SLG070
18:13:58 TV < VWB:SLG
18:13:58 TV > QWB:GNR
18:13:58 TV < QWB:GNR000
18:13:58 TV > QWB:GNG
18:13:58 TV < QWB:GNG000
18:13:58 TV > QWB:GNB
18:13:58 TV < QWB:GNB000
18:13:58 TV > QPC:GGN
18:13:58 TV < QPC:GGN000
18:13:58 TV > VWB:ISL080
18:13:58 TV < VWB:ISL
18:13:58 TV > VWB:SLG080
18:13:58 TV < VWB:SLG
18:13:58 TV > QWB:GNR
18:13:58 TV < QWB:GNR000
18:13:58 TV > QWB:GNG
18:13:58 TV < QWB:GNG000
18:13:58 TV > QWB:GNB
18:13:58 TV < QWB:GNB000
18:13:58 TV > QPC:GGN
18:13:58 TV < QPC:GGN000
18:13:58 TV > VWB:ISL090
18:13:58 TV < VWB:ISL
18:13:58 TV > VWB:SLG090
18:13:58 TV < VWB:SLG
18:13:58 TV > QWB:GNR
18:13:58 TV < QWB:GNR000
18:13:58 TV > QWB:GNG
18:13:58 TV < QWB:GNG000
18:13:58 TV > QWB:GNB
18:13:58 TV < QWB:GNB000
18:13:58 TV > QPC:GGN
18:13:58 TV < QPC:GGN000
18:13:58 TV > VWB:ISL100
18:13:58 TV < VWB:ISL
18:13:58 TV > VWB:SLG100
18:13:58 TV < VWB:SLG
18:13:58 TV > QWB:GNR
18:13:58 TV < QWB:GNR000
18:13:58 TV > QWB:GNG
18:13:58 TV < QWB:GNG000
18:13:58 TV > QWB:GNB
18:13:58 TV < QWB:GNB000
18:13:58 TV > QPC:GGN
18:13:58 TV < QPC:GGN000
18:13:58 SETUP PASS picture controls verified and grayscale controls reset
18:13:58 METER starting persistent Argyll session: -e -X C:\ProgramData\ArgyllCMS\PlasmaFamily_20Jul12.ccss -Y R:60
18:14:07 METER | 
18:14:07 METER | Place instrument on spot to be measured,
18:14:07 METER | and hit [A-Z] to read white and setup FWA compensation (keyed to letter)
18:14:07 METER | [a-z] to read and make FWA compensated reading from keyed reference
18:14:07 METER | 'r' to set reference, 's' to save spectrum,
18:14:07 METER | 'f' to report cal. refresh rate, 'F' to measure refresh rate
18:14:07 METER | 'h' to toggle high res., 'k' to do a calibration
18:14:24 TV > VPC:BRI000
18:14:24 TV < VPC:BRI
18:14:24 TV > QPC:BRI
18:14:24 TV < QPC:BRI000
18:14:24 TV > VPC:CON060
18:14:24 TV < VPC:CON
18:14:24 TV > QPC:CON
18:14:24 TV < QPC:CON060
18:14:24 TV > VPC:COL050
18:14:24 TV < VPC:COL
18:14:24 TV > QPC:COL
18:14:24 TV < QPC:COL050
18:14:24 TV > VPC:TIN000
18:14:24 TV < VPC:TIN
18:14:24 TV > QPC:TIN
18:14:24 TV < QPC:TIN000
18:14:24 TV > VPC:SHP050
18:14:24 TV < VPC:SHP
18:14:24 TV > QPC:SHP
18:14:24 TV < QPC:SHP050
18:14:24 TV > VPC:TMPWRM2
18:14:24 TV < VPC:TMP
18:14:24 TV > QPC:TMP
18:14:24 TV < QPC:TMPWRM2
18:14:24 TV > VPC:GMM2.2
18:14:24 TV < VPC:GMM
18:14:24 TV > QPC:GMM
18:14:24 TV < QPC:GMM2.2
18:14:24 TV > VPC:PBRLow
18:14:24 TV < VPC:PBR
18:14:24 TV > QPC:PBR
18:14:24 TV < QPC:PBRLow
18:14:24 TV > VPC:CGUREC
18:14:24 TV < VPC:CGU
18:14:24 TV > QPC:CGU
18:14:24 TV < QPC:CGUREC
18:14:24 TV > VWB:HIR000
18:14:24 TV < VWB:HIR
18:14:24 TV > QWB:HIR
18:14:24 TV < QWB:HIR000
18:14:24 TV > VWB:HIG000
18:14:24 TV < VWB:HIG
18:14:24 TV > QWB:HIG
18:14:24 TV < QWB:HIG000
18:14:24 TV > VWB:HIB000
18:14:24 TV < VWB:HIB
18:14:24 TV > QWB:HIB
18:14:24 TV < QWB:HIB000
18:14:24 TV > VWB:LOR000
18:14:24 TV < VWB:LOR
18:14:24 TV > QWB:LOR
18:14:24 TV < QWB:LOR000
18:14:24 TV > VWB:LOG000
18:14:24 TV < VWB:LOG
18:14:24 TV > QWB:LOG
18:14:24 TV < QWB:LOG000
18:14:24 TV > VWB:LOB000
18:14:24 TV < VWB:LOB
18:14:24 TV > QWB:LOB
18:14:24 TV < QWB:LOB000
18:14:24 TV > VWB:ISL010
18:14:24 TV < VWB:ISL
18:14:24 TV > VWB:SLG010
18:14:24 TV < VWB:SLG
18:14:24 TV > VWB:GNR000
18:14:24 TV < VWB:GNR
18:14:24 TV > QWB:GNR
18:14:24 TV < QWB:GNR000
18:14:24 TV > VWB:GNG000
18:14:24 TV < VWB:GNG
18:14:24 TV > QWB:GNG
18:14:24 TV < QWB:GNG000
18:14:24 TV > VWB:GNB000
18:14:24 TV < VWB:GNB
18:14:24 TV > QWB:GNB
18:14:24 TV < QWB:GNB000
18:14:24 TV > VPC:GGN000
18:14:24 TV < VPC:GGN
18:14:24 TV > QPC:GGN
18:14:24 TV < QPC:GGN000
18:14:24 TV > VWB:ISL020
18:14:24 TV < VWB:ISL
18:14:24 TV > VWB:SLG020
18:14:24 TV < VWB:SLG
18:14:24 TV > VWB:GNR000
18:14:24 TV < VWB:GNR
18:14:24 TV > QWB:GNR
18:14:24 TV < QWB:GNR000
18:14:24 TV > VWB:GNG000
18:14:24 TV < VWB:GNG
18:14:24 TV > QWB:GNG
18:14:24 TV < QWB:GNG000
18:14:24 TV > VWB:GNB000
18:14:24 TV < VWB:GNB
18:14:24 TV > QWB:GNB
18:14:24 TV < QWB:GNB000
18:14:24 TV > VPC:GGN000
18:14:24 TV < VPC:GGN
18:14:24 TV > QPC:GGN
18:14:24 TV < QPC:GGN000
18:14:24 TV > VWB:ISL030
18:14:24 TV < VWB:ISL
18:14:24 TV > VWB:SLG030
18:14:24 TV < VWB:SLG
18:14:24 TV > VWB:GNR000
18:14:24 TV < VWB:GNR
18:14:24 TV > QWB:GNR
18:14:24 TV < QWB:GNR000
18:14:24 TV > VWB:GNG000
18:14:24 TV < VWB:GNG
18:14:24 TV > QWB:GNG
18:14:24 TV < QWB:GNG000
18:14:24 TV > VWB:GNB000
18:14:24 TV < VWB:GNB
18:14:24 TV > QWB:GNB
18:14:24 TV < QWB:GNB000
18:14:24 TV > VPC:GGN000
18:14:24 TV < VPC:GGN
18:14:24 TV > QPC:GGN
18:14:24 TV < QPC:GGN000
18:14:24 TV > VWB:ISL040
18:14:24 TV < VWB:ISL
18:14:24 TV > VWB:SLG040
18:14:24 TV < VWB:SLG
18:14:24 TV > VWB:GNR000
18:14:24 TV < VWB:GNR
18:14:24 TV > QWB:GNR
18:14:24 TV < QWB:GNR000
18:14:24 TV > VWB:GNG000
18:14:24 TV < VWB:GNG
18:14:24 TV > QWB:GNG
18:14:24 TV < QWB:GNG000
18:14:24 TV > VWB:GNB000
18:14:24 TV < VWB:GNB
18:14:24 TV > QWB:GNB
18:14:24 TV < QWB:GNB000
18:14:24 TV > VPC:GGN000
18:14:24 TV < VPC:GGN
18:14:24 TV > QPC:GGN
18:14:24 TV < QPC:GGN000
18:14:24 TV > VWB:ISL050
18:14:24 TV < VWB:ISL
18:14:24 TV > VWB:SLG050
18:14:24 TV < VWB:SLG
18:14:24 TV > VWB:GNR000
18:14:24 TV < VWB:GNR
18:14:24 TV > QWB:GNR
18:14:24 TV < QWB:GNR000
18:14:24 TV > VWB:GNG000
18:14:24 TV < VWB:GNG
18:14:24 TV > QWB:GNG
18:14:24 TV < QWB:GNG000
18:14:24 TV > VWB:GNB000
18:14:24 TV < VWB:GNB
18:14:24 TV > QWB:GNB
18:14:24 TV < QWB:GNB000
18:14:24 TV > VPC:GGN000
18:14:24 TV < VPC:GGN
18:14:24 TV > QPC:GGN
18:14:24 TV < QPC:GGN000
18:14:24 TV > VWB:ISL060
18:14:24 TV < VWB:ISL
18:14:24 TV > VWB:SLG060
18:14:24 TV < VWB:SLG
18:14:24 TV > VWB:GNR000
18:14:24 TV < VWB:GNR
18:14:24 TV > QWB:GNR
18:14:24 TV < QWB:GNR000
18:14:24 TV > VWB:GNG000
18:14:24 TV < VWB:GNG
18:14:24 TV > QWB:GNG
18:14:24 TV < QWB:GNG000
18:14:24 TV > VWB:GNB000
18:14:24 TV < VWB:GNB
18:14:24 TV > QWB:GNB
18:14:24 TV < QWB:GNB000
18:14:24 TV > VPC:GGN000
18:14:24 TV < VPC:GGN
18:14:24 TV > QPC:GGN
18:14:24 TV < QPC:GGN000
18:14:24 TV > VWB:ISL070
18:14:24 TV < VWB:ISL
18:14:24 TV > VWB:SLG070
18:14:24 TV < VWB:SLG
18:14:24 TV > VWB:GNR000
18:14:24 TV < VWB:GNR
18:14:24 TV > QWB:GNR
18:14:24 TV < QWB:GNR000
18:14:24 TV > VWB:GNG000
18:14:24 TV < VWB:GNG
18:14:24 TV > QWB:GNG
18:14:24 TV < QWB:GNG000
18:14:24 TV > VWB:GNB000
18:14:24 TV < VWB:GNB
18:14:24 TV > QWB:GNB
18:14:24 TV < QWB:GNB000
18:14:24 TV > VPC:GGN000
18:14:24 TV < VPC:GGN
18:14:24 TV > QPC:GGN
18:14:24 TV < QPC:GGN000
18:14:24 TV > VWB:ISL080
18:14:24 TV < VWB:ISL
18:14:24 TV > VWB:SLG080
18:14:24 TV < VWB:SLG
18:14:24 TV > VWB:GNR000
18:14:24 TV < VWB:GNR
18:14:24 TV > QWB:GNR
18:14:24 TV < QWB:GNR000
18:14:24 TV > VWB:GNG000
18:14:24 TV < VWB:GNG
18:14:24 TV > QWB:GNG
18:14:24 TV < QWB:GNG000
18:14:24 TV > VWB:GNB000
18:14:24 TV < VWB:GNB
18:14:24 TV > QWB:GNB
18:14:24 TV < QWB:GNB000
18:14:24 TV > VPC:GGN000
18:14:24 TV < VPC:GGN
18:14:24 TV > QPC:GGN
18:14:24 TV < QPC:GGN000
18:14:24 TV > VWB:ISL090
18:14:24 TV < VWB:ISL
18:14:24 TV > VWB:SLG090
18:14:24 TV < VWB:SLG
18:14:24 TV > VWB:GNR000
18:14:24 TV < VWB:GNR
18:14:24 TV > QWB:GNR
18:14:24 TV < QWB:GNR000
18:14:24 TV > VWB:GNG000
18:14:24 TV < VWB:GNG
18:14:24 TV > QWB:GNG
18:14:24 TV < QWB:GNG000
18:14:24 TV > VWB:GNB000
18:14:24 TV < VWB:GNB
18:14:24 TV > QWB:GNB
18:14:24 TV < QWB:GNB000
18:14:24 TV > VPC:GGN000
18:14:24 TV < VPC:GGN
18:14:24 TV > QPC:GGN
18:14:24 TV < QPC:GGN000
18:14:24 TV > VWB:ISL100
18:14:24 TV < VWB:ISL
18:14:24 TV > VWB:SLG100
18:14:25 TV < VWB:SLG
18:14:25 TV > VWB:GNR000
18:14:25 TV < VWB:GNR
18:14:25 TV > QWB:GNR
18:14:25 TV < QWB:GNR000
18:14:25 TV > VWB:GNG000
18:14:25 TV < VWB:GNG
18:14:25 TV > QWB:GNG
18:14:25 TV < QWB:GNG000
18:14:25 TV > VWB:GNB000
18:14:25 TV < VWB:GNB
18:14:25 TV > QWB:GNB
18:14:25 TV < QWB:GNB000
18:14:25 TV > VPC:GGN000
18:14:25 TV < VPC:GGN
18:14:25 TV > QPC:GGN
18:14:25 TV < QPC:GGN000
18:14:25 TV > QPC:BRI
18:14:25 TV < QPC:BRI000
18:14:25 TV > QPC:CON
18:14:25 TV < QPC:CON060
18:14:25 TV > QPC:COL
18:14:25 TV < QPC:COL050
18:14:25 TV > QPC:TIN
18:14:25 TV < QPC:TIN000
18:14:25 TV > QPC:SHP
18:14:25 TV < QPC:SHP050
18:14:25 TV > QPC:TMP
18:14:25 TV < QPC:TMPWRM2
18:14:25 TV > QPC:GMM
18:14:25 TV < QPC:GMM2.2
18:14:25 TV > QPC:PBR
18:14:25 TV < QPC:PBRLow
18:14:25 TV > QPC:CGU
18:14:25 TV < QPC:CGUREC
18:14:25 TV > QWB:HIR
18:14:25 TV < QWB:HIR000
18:14:25 TV > QWB:HIG
18:14:25 TV < QWB:HIG000
18:14:25 TV > QWB:HIB
18:14:25 TV < QWB:HIB000
18:14:25 TV > QWB:LOR
18:14:25 TV < QWB:LOR000
18:14:25 TV > QWB:LOG
18:14:25 TV < QWB:LOG000
18:14:25 TV > QWB:LOB
18:14:25 TV < QWB:LOB000
18:14:25 TV > VWB:ISL010
18:14:25 TV < VWB:ISL
18:14:25 TV > VWB:SLG010
18:14:25 TV < VWB:SLG
18:14:25 TV > QWB:GNR
18:14:25 TV < QWB:GNR000
18:14:25 TV > QWB:GNG
18:14:25 TV < QWB:GNG000
18:14:25 TV > QWB:GNB
18:14:25 TV < QWB:GNB000
18:14:25 TV > QPC:GGN
18:14:25 TV < QPC:GGN000
18:14:25 TV > VWB:ISL020
18:14:25 TV < VWB:ISL
18:14:25 TV > VWB:SLG020
18:14:25 TV < VWB:SLG
18:14:25 TV > QWB:GNR
18:14:25 TV < QWB:GNR000
18:14:25 TV > QWB:GNG
18:14:25 TV < QWB:GNG000
18:14:25 TV > QWB:GNB
18:14:25 TV < QWB:GNB000
18:14:25 TV > QPC:GGN
18:14:25 TV < QPC:GGN000
18:14:25 TV > VWB:ISL030
18:14:25 TV < VWB:ISL
18:14:25 TV > VWB:SLG030
18:14:25 TV < VWB:SLG
18:14:25 TV > QWB:GNR
18:14:25 TV < QWB:GNR000
18:14:25 TV > QWB:GNG
18:14:25 TV < QWB:GNG000
18:14:25 TV > QWB:GNB
18:14:25 TV < QWB:GNB000
18:14:25 TV > QPC:GGN
18:14:25 TV < QPC:GGN000
18:14:25 TV > VWB:ISL040
18:14:25 TV < VWB:ISL
18:14:25 TV > VWB:SLG040
18:14:25 TV < VWB:SLG
18:14:25 TV > QWB:GNR
18:14:25 TV < QWB:GNR000
18:14:25 TV > QWB:GNG
18:14:25 TV < QWB:GNG000
18:14:25 TV > QWB:GNB
18:14:25 TV < QWB:GNB000
18:14:25 TV > QPC:GGN
18:14:25 TV < QPC:GGN000
18:14:25 TV > VWB:ISL050
18:14:25 TV < VWB:ISL
18:14:25 TV > VWB:SLG050
18:14:25 TV < VWB:SLG
18:14:25 TV > QWB:GNR
18:14:25 TV < QWB:GNR000
18:14:25 TV > QWB:GNG
18:14:25 TV < QWB:GNG000
18:14:25 TV > QWB:GNB
18:14:25 TV < QWB:GNB000
18:14:25 TV > QPC:GGN
18:14:25 TV < QPC:GGN000
18:14:25 TV > VWB:ISL060
18:14:25 TV < VWB:ISL
18:14:25 TV > VWB:SLG060
18:14:25 TV < VWB:SLG
18:14:25 TV > QWB:GNR
18:14:25 TV < QWB:GNR000
18:14:25 TV > QWB:GNG
18:14:25 TV < QWB:GNG000
18:14:25 TV > QWB:GNB
18:14:25 TV < QWB:GNB000
18:14:25 TV > QPC:GGN
18:14:25 TV < QPC:GGN000
18:14:25 TV > VWB:ISL070
18:14:25 TV < VWB:ISL
18:14:25 TV > VWB:SLG070
18:14:25 TV < VWB:SLG
18:14:25 TV > QWB:GNR
18:14:25 TV < QWB:GNR000
18:14:25 TV > QWB:GNG
18:14:25 TV < QWB:GNG000
18:14:25 TV > QWB:GNB
18:14:25 TV < QWB:GNB000
18:14:25 TV > QPC:GGN
18:14:25 TV < QPC:GGN000
18:14:25 TV > VWB:ISL080
18:14:25 TV < VWB:ISL
18:14:25 TV > VWB:SLG080
18:14:25 TV < VWB:SLG
18:14:25 TV > QWB:GNR
18:14:25 TV < QWB:GNR000
18:14:25 TV > QWB:GNG
18:14:25 TV < QWB:GNG000
18:14:25 TV > QWB:GNB
18:14:25 TV < QWB:GNB000
18:14:25 TV > QPC:GGN
18:14:25 TV < QPC:GGN000
18:14:25 TV > VWB:ISL090
18:14:25 TV < VWB:ISL
18:14:25 TV > VWB:SLG090
18:14:25 TV < VWB:SLG
18:14:25 TV > QWB:GNR
18:14:25 TV < QWB:GNR000
18:14:25 TV > QWB:GNG
18:14:25 TV < QWB:GNG000
18:14:25 TV > QWB:GNB
18:14:25 TV < QWB:GNB000
18:14:25 TV > QPC:GGN
18:14:25 TV < QPC:GGN000
18:14:25 TV > VWB:ISL100
18:14:25 TV < VWB:ISL
18:14:25 TV > VWB:SLG100
18:14:25 TV < VWB:SLG
18:14:25 TV > QWB:GNR
18:14:25 TV < QWB:GNR000
18:14:25 TV > QWB:GNG
18:14:25 TV < QWB:GNG000
18:14:25 TV > QWB:GNB
18:14:25 TV < QWB:GNB000
18:14:25 TV > QPC:GGN
18:14:25 TV < QPC:GGN000
18:14:25 SETUP FAILURE original TV snapshot restored
18:14:25 SIGNAL CHAIN original video LUT restored after failure
18:14:25 TV > VIC:FIX
18:14:25 TV < VIC:FIX
18:14:25 TV > MIC:END
18:14:25 AUTOCAL FAILED TimeoutError('spotread persistent startup timed out')
