17:47:41 PATTERN HOST device=\\.\DISPLAY2 primary=False bounds=[3840, 0, 1920, 1080]
17:47:51 TV > QPW
17:47:51 TV < QPW:1
17:47:51 TV > MDL
17:47:51 TV < MDL:TX-P50VT60
17:47:51 TV > MIC:STA0713
17:47:51 TV < MIC:STA
17:47:51 TV > VIC:DAY
17:47:51 TV < VIC:DAY
17:47:51 TV > QPC:BRI
17:47:51 TV < QPC:BRI000
17:47:51 TV > QPC:CON
17:47:51 TV < QPC:CON060
17:47:51 TV > QPC:COL
17:47:51 TV < QPC:COL050
17:47:51 TV > QPC:TIN
17:47:51 TV < QPC:TIN000
17:47:51 TV > QPC:SHP
17:47:51 TV < QPC:SHP050
17:47:51 TV > QPC:TMP
17:47:51 TV < QPC:TMPWRM2
17:47:51 TV > QPC:GMM
17:47:51 TV < QPC:GMM2.2
17:47:51 TV > QPC:PBR
17:47:51 TV < QPC:PBRLow
17:47:51 TV > QPC:CGU
17:47:51 TV < QPC:CGUREC
17:47:51 TV > QWB:HIR
17:47:51 TV < QWB:HIR000
17:47:51 TV > QWB:HIG
17:47:51 TV < QWB:HIG000
17:47:51 TV > QWB:HIB
17:47:51 TV < QWB:HIB000
17:47:51 TV > QWB:LOR
17:47:51 TV < QWB:LOR000
17:47:52 TV > QWB:LOG
17:47:52 TV < QWB:LOG000
17:47:52 TV > QWB:LOB
17:47:52 TV < QWB:LOB000
17:47:52 TV > VWB:ISL010
17:47:52 TV < VWB:ISL
17:47:52 TV > VWB:SLG010
17:47:52 TV < VWB:SLG
17:47:52 TV > QWB:GNR
17:47:52 TV < QWB:GNR000
17:47:52 TV > QWB:GNG
17:47:52 TV < QWB:GNG000
17:47:52 TV > QWB:GNB
17:47:52 TV < QWB:GNB000
17:47:52 TV > QPC:GGN
17:47:52 TV < QPC:GGN000
17:47:52 TV > VWB:ISL020
17:47:52 TV < VWB:ISL
17:47:52 TV > VWB:SLG020
17:47:52 TV < VWB:SLG
17:47:52 TV > QWB:GNR
17:47:52 TV < QWB:GNR000
17:47:52 TV > QWB:GNG
17:47:52 TV < QWB:GNG000
17:47:52 TV > QWB:GNB
17:47:52 TV < QWB:GNB000
17:47:52 TV > QPC:GGN
17:47:52 TV < QPC:GGN000
17:47:52 TV > VWB:ISL030
17:47:52 TV < VWB:ISL
17:47:52 TV > VWB:SLG030
17:47:52 TV < VWB:SLG
17:47:52 TV > QWB:GNR
17:47:52 TV < QWB:GNR000
17:47:52 TV > QWB:GNG
17:47:52 TV < QWB:GNG000
17:47:52 TV > QWB:GNB
17:47:52 TV < QWB:GNB000
17:47:52 TV > QPC:GGN
17:47:52 TV < QPC:GGN000
17:47:52 TV > VWB:ISL040
17:47:52 TV < VWB:ISL
17:47:52 TV > VWB:SLG040
17:47:52 TV < VWB:SLG
17:47:52 TV > QWB:GNR
17:47:52 TV < QWB:GNR000
17:47:52 TV > QWB:GNG
17:47:52 TV < QWB:GNG000
17:47:52 TV > QWB:GNB
17:47:52 TV < QWB:GNB000
17:47:52 TV > QPC:GGN
17:47:52 TV < QPC:GGN000
17:47:52 TV > VWB:ISL050
17:47:52 TV < VWB:ISL
17:47:52 TV > VWB:SLG050
17:47:52 TV < VWB:SLG
17:47:52 TV > QWB:GNR
17:47:52 TV < QWB:GNR000
17:47:52 TV > QWB:GNG
17:47:52 TV < QWB:GNG000
17:47:52 TV > QWB:GNB
17:47:52 TV < QWB:GNB000
17:47:52 TV > QPC:GGN
17:47:52 TV < QPC:GGN000
17:47:52 TV > VWB:ISL060
17:47:52 TV < VWB:ISL
17:47:52 TV > VWB:SLG060
17:47:52 TV < VWB:SLG
17:47:52 TV > QWB:GNR
17:47:52 TV < QWB:GNR000
17:47:52 TV > QWB:GNG
17:47:52 TV < QWB:GNG000
17:47:52 TV > QWB:GNB
17:47:52 TV < QWB:GNB000
17:47:52 TV > QPC:GGN
17:47:52 TV < QPC:GGN000
17:47:52 TV > VWB:ISL070
17:47:52 TV < VWB:ISL
17:47:52 TV > VWB:SLG070
17:47:52 TV < VWB:SLG
17:47:52 TV > QWB:GNR
17:47:52 TV < QWB:GNR000
17:47:52 TV > QWB:GNG
17:47:52 TV < QWB:GNG000
17:47:52 TV > QWB:GNB
17:47:52 TV < QWB:GNB000
17:47:52 TV > QPC:GGN
17:47:52 TV < QPC:GGN000
17:47:52 TV > VWB:ISL080
17:47:52 TV < VWB:ISL
17:47:52 TV > VWB:SLG080
17:47:52 TV < VWB:SLG
17:47:52 TV > QWB:GNR
17:47:52 TV < QWB:GNR000
17:47:52 TV > QWB:GNG
17:47:52 TV < QWB:GNG000
17:47:52 TV > QWB:GNB
17:47:52 TV < QWB:GNB000
17:47:52 TV > QPC:GGN
17:47:52 TV < QPC:GGN000
17:47:52 TV > VWB:ISL090
17:47:52 TV < VWB:ISL
17:47:52 TV > VWB:SLG090
17:47:52 TV < VWB:SLG
17:47:52 TV > QWB:GNR
17:47:52 TV < QWB:GNR000
17:47:52 TV > QWB:GNG
17:47:52 TV < QWB:GNG000
17:47:52 TV > QWB:GNB
17:47:52 TV < QWB:GNB000
17:47:52 TV > QPC:GGN
17:47:52 TV < QPC:GGN000
17:47:52 TV > VWB:ISL100
17:47:52 TV < VWB:ISL
17:47:52 TV > VWB:SLG100
17:47:52 TV < VWB:SLG
17:47:52 TV > QWB:GNR
17:47:52 TV < QWB:GNR000
17:47:52 TV > QWB:GNG
17:47:52 TV < QWB:GNG000
17:47:52 TV > QWB:GNB
17:47:52 TV < QWB:GNB000
17:47:52 TV > QPC:GGN
17:47:52 TV < QPC:GGN000
17:47:52 TV > VIC:FIX
17:47:52 TV < VIC:FIX
17:47:52 TV > MIC:END
17:47:52 AUTOCAL FAILED RuntimeError("TV setup does not match V4 preconditions: PC:BRI: required 30, TV reports 0; PC:TMP: required 'WRM1', TV reports 'WRM2'; PC:GMM: required '2.4', TV reports '2.2'")
