18:31:33 PATTERN HOST device=\\.\DISPLAY2 primary=False bounds=[3840, 0, 1920, 1080]
18:31:33 TV CONNECT 192.168.1.105:2048 attempt 1/3 cycle 1/2
18:31:33 TV > QPW
18:31:33 TV < QPW:1
18:31:33 TV > MDL
18:31:33 TV < MDL:TX-P50VT60
18:31:33 TV > MIC:STA0713
18:31:33 TV < MIC:STA
18:31:33 TV > VIC:DAY
18:31:33 TV < VIC:DAY
18:31:38 METER starting persistent Argyll session: C:\Argyll\Argyll_V3.3.0\bin\spotread.exe -e -X C:\ProgramData\ArgyllCMS\PlasmaFamily_20Jul12.ccss -Y R:60
18:31:46 METER | Place instrument on spot to be measured,
18:31:46 METER | and hit [A-Z] to read white and setup FWA compensation (keyed to letter)
18:31:46 METER | [a-z] to read and make FWA compensated reading from keyed reference
18:31:46 METER | 'r' to set reference, 's' to save spectrum,
18:31:46 METER | 'f' to report cal. refresh rate, 'F' to measure refresh rate
18:31:46 METER | 'h' to toggle high res., 'k' to do a calibration
18:31:46 METER | Hit ESC or Q to exit, any other key to take a reading:
18:31:46 METER READY persistent session
18:31:50 METER | Result is XYZ: 21.059683 21.856580 25.174155, D50 Lab: 53.874501 -0.069064 -14.178961
18:31:50 METER | Place instrument on spot to be measured,
18:31:50 METER | and hit [A-Z] to read white and setup FWA compensation (keyed to letter)
18:31:50 METER | [a-z] to read and make FWA compensated reading from keyed reference
18:31:50 METER | 'r' to set reference, 's' to save spectrum,
18:31:50 METER | 'f' to report cal. refresh rate, 'F' to measure refresh rate
18:31:50 METER | 'h' to toggle high res., 'k' to do a calibration
18:31:50 METER | Hit ESC or Q to exit, any other key to take a reading:
18:31:50 METER CHECK PASS XYZ=(21.059683, 21.85658, 25.174155) (connection check only)
18:31:50 TV > QPC:BRI
18:31:50 TV < QPC:BRI000
18:31:50 TV > QPC:CON
18:31:50 TV < QPC:CON060
18:31:50 TV > QPC:COL
18:31:50 TV < QPC:COL050
18:31:50 TV > QPC:TIN
18:31:50 TV < QPC:TIN000
18:31:50 TV > QPC:SHP
18:31:50 TV < QPC:SHP050
18:31:50 TV > QPC:TMP
18:31:50 TV < QPC:TMPWRM2
18:31:50 TV > QPC:GMM
18:31:50 TV < QPC:GMM2.2
18:31:50 TV > QPC:PBR
18:31:50 TV < QPC:PBRLow
18:31:50 TV > QPC:CGU
18:31:50 TV < QPC:CGUREC
18:31:50 TV > QWB:HIR
18:31:50 TV < QWB:HIR000
18:31:50 TV > QWB:HIG
18:31:50 TV < QWB:HIG000
18:31:50 TV > QWB:HIB
18:31:50 TV < QWB:HIB000
18:31:50 TV > QWB:LOR
18:31:50 TV < QWB:LOR000
18:31:50 TV > QWB:LOG
18:31:50 TV < QWB:LOG000
18:31:50 TV > QWB:LOB
18:31:50 TV < QWB:LOB000
18:31:50 TV > VWB:ISL010
18:31:50 TV < VWB:ISL
18:31:50 TV > VWB:SLG010
18:31:50 TV < VWB:SLG
18:31:50 TV > QWB:GNR
18:31:50 TV < QWB:GNR000
18:31:50 TV > QWB:GNG
18:31:50 TV < QWB:GNG000
18:31:50 TV > QWB:GNB
18:31:50 TV < QWB:GNB000
18:31:50 TV > QPC:GGN
18:31:50 TV < QPC:GGN000
18:31:50 TV > VWB:ISL020
18:31:50 TV < VWB:ISL
18:31:50 TV > VWB:SLG020
18:31:50 TV < VWB:SLG
18:31:50 TV > QWB:GNR
18:31:50 TV < QWB:GNR000
18:31:50 TV > QWB:GNG
18:31:50 TV < QWB:GNG000
18:31:50 TV > QWB:GNB
18:31:50 TV < QWB:GNB000
18:31:50 TV > QPC:GGN
18:31:50 TV < QPC:GGN000
18:31:50 TV > VWB:ISL030
18:31:50 TV < VWB:ISL
18:31:50 TV > VWB:SLG030
18:31:50 TV < VWB:SLG
18:31:50 TV > QWB:GNR
18:31:50 TV < QWB:GNR000
18:31:50 TV > QWB:GNG
18:31:50 TV < QWB:GNG000
18:31:50 TV > QWB:GNB
18:31:50 TV < QWB:GNB000
18:31:50 TV > QPC:GGN
18:31:50 TV < QPC:GGN000
18:31:50 TV > VWB:ISL040
18:31:50 TV < VWB:ISL
18:31:50 TV > VWB:SLG040
18:31:50 TV < VWB:SLG
18:31:50 TV > QWB:GNR
18:31:50 TV < QWB:GNR000
18:31:50 TV > QWB:GNG
18:31:50 TV < QWB:GNG000
18:31:50 TV > QWB:GNB
18:31:50 TV < QWB:GNB000
18:31:50 TV > QPC:GGN
18:31:50 TV < QPC:GGN000
18:31:50 TV > VWB:ISL050
18:31:50 TV < VWB:ISL
18:31:50 TV > VWB:SLG050
18:31:50 TV < VWB:SLG
18:31:50 TV > QWB:GNR
18:31:50 TV < QWB:GNR000
18:31:50 TV > QWB:GNG
18:31:50 TV < QWB:GNG000
18:31:50 TV > QWB:GNB
18:31:50 TV < QWB:GNB000
18:31:50 TV > QPC:GGN
18:31:50 TV < QPC:GGN000
18:31:50 TV > VWB:ISL060
18:31:50 TV < VWB:ISL
18:31:50 TV > VWB:SLG060
18:31:50 TV < VWB:SLG
18:31:50 TV > QWB:GNR
18:31:50 TV < QWB:GNR000
18:31:50 TV > QWB:GNG
18:31:51 TV < QWB:GNG000
18:31:51 TV > QWB:GNB
18:31:51 TV < QWB:GNB000
18:31:51 TV > QPC:GGN
18:31:51 TV < QPC:GGN000
18:31:51 TV > VWB:ISL070
18:31:51 TV < VWB:ISL
18:31:51 TV > VWB:SLG070
18:31:51 TV < VWB:SLG
18:31:51 TV > QWB:GNR
18:31:51 TV < QWB:GNR000
18:31:51 TV > QWB:GNG
18:31:51 TV < QWB:GNG000
18:31:51 TV > QWB:GNB
18:31:51 TV < QWB:GNB000
18:31:51 TV > QPC:GGN
18:31:51 TV < QPC:GGN000
18:31:51 TV > VWB:ISL080
18:31:51 TV < VWB:ISL
18:31:51 TV > VWB:SLG080
18:31:51 TV < VWB:SLG
18:31:51 TV > QWB:GNR
18:31:51 TV < QWB:GNR000
18:31:51 TV > QWB:GNG
18:31:51 TV < QWB:GNG000
18:31:51 TV > QWB:GNB
18:31:51 TV < QWB:GNB000
18:31:51 TV > QPC:GGN
18:31:51 TV < QPC:GGN000
18:31:51 TV > VWB:ISL090
18:31:51 TV < VWB:ISL
18:31:51 TV > VWB:SLG090
18:31:51 TV < VWB:SLG
18:31:51 TV > QWB:GNR
18:31:51 TV < QWB:GNR000
18:31:51 TV > QWB:GNG
18:31:51 TV < QWB:GNG000
18:31:51 TV > QWB:GNB
18:31:51 TV < QWB:GNB000
18:31:51 TV > QPC:GGN
18:31:51 TV < QPC:GGN000
18:31:51 TV > VWB:ISL100
18:31:51 TV < VWB:ISL
18:31:51 TV > VWB:SLG100
18:31:51 TV < VWB:SLG
18:31:51 TV > QWB:GNR
18:31:51 TV < QWB:GNR000
18:31:51 TV > QWB:GNG
18:31:51 TV < QWB:GNG000
18:31:51 TV > QWB:GNB
18:31:51 TV < QWB:GNB000
18:31:51 TV > QPC:GGN
18:31:51 TV < QPC:GGN000
18:31:51 SIGNAL CHAIN video LUT linearized with dispwin display=2 device=\\.\DISPLAY2
18:31:51 SETUP applying and verifying calibration preconditions
18:31:51 TV > VPC:BRI030
18:31:51 TV < VPC:BRI
18:31:51 TV > QPC:BRI
18:31:51 TV < QPC:BRI+30
18:31:51 TV > VPC:CON060
18:31:51 TV < VPC:CON
18:31:51 TV > QPC:CON
18:31:51 TV < QPC:CON060
18:31:51 TV > VPC:CGUREC
18:31:51 TV < VPC:CGU
18:31:51 TV > QPC:CGU
18:31:51 TV < QPC:CGUREC
18:31:51 TV > VPC:TMPWRM2
18:31:51 TV < VPC:TMP
18:31:51 TV > QPC:TMP
18:31:51 TV < QPC:TMPWRM2
18:31:51 TV > VPC:GMM2.4
18:31:51 TV < VPC:GMM
18:31:51 TV > QPC:GMM
18:31:51 TV < QPC:GMM2.4
18:31:51 TV > VPC:PBRLow
18:31:51 TV < VPC:PBR
18:31:51 TV > QPC:PBR
18:31:51 TV < QPC:PBRLow
18:31:51 TV > VWB:HIR000
18:31:51 TV < VWB:HIR
18:31:51 TV > QWB:HIR
18:31:51 TV < QWB:HIR000
18:31:51 TV > VWB:HIG000
18:31:51 TV < VWB:HIG
18:31:51 TV > QWB:HIG
18:31:51 TV < QWB:HIG000
18:31:51 TV > VWB:HIB000
18:31:51 TV < VWB:HIB
18:31:51 TV > QWB:HIB
18:31:51 TV < QWB:HIB000
18:31:51 TV > VWB:LOR000
18:31:51 TV < VWB:LOR
18:31:51 TV > QWB:LOR
18:31:51 TV < QWB:LOR000
18:31:51 TV > VWB:LOG000
18:31:51 TV < VWB:LOG
18:31:51 TV > QWB:LOG
18:31:51 TV < QWB:LOG000
18:31:51 TV > VWB:LOB000
18:31:51 TV < VWB:LOB
18:31:51 TV > QWB:LOB
18:31:51 TV < QWB:LOB000
18:31:51 TV > VWB:ISL010
18:31:51 TV < VWB:ISL
18:31:51 TV > VWB:SLG010
18:31:51 TV < VWB:SLG
18:31:51 TV > VWB:GNR000
18:31:51 TV < VWB:GNR
18:31:51 TV > QWB:GNR
18:31:51 TV < QWB:GNR000
18:31:51 TV > VWB:GNG000
18:31:51 TV < VWB:GNG
18:31:51 TV > QWB:GNG
18:31:51 TV < QWB:GNG000
18:31:51 TV > VWB:GNB000
18:31:51 TV < VWB:GNB
18:31:51 TV > QWB:GNB
18:31:51 TV < QWB:GNB000
18:31:51 TV > VPC:GGN000
18:31:51 TV < VPC:GGN
18:31:51 TV > QPC:GGN
18:31:51 TV < QPC:GGN000
18:31:51 TV > VWB:ISL020
18:31:51 TV < VWB:ISL
18:31:51 TV > VWB:SLG020
18:31:51 TV < VWB:SLG
18:31:51 TV > VWB:GNR000
18:31:51 TV < VWB:GNR
18:31:51 TV > QWB:GNR
18:31:51 TV < QWB:GNR000
18:31:51 TV > VWB:GNG000
18:31:51 TV < VWB:GNG
18:31:51 TV > QWB:GNG
18:31:51 TV < QWB:GNG000
18:31:51 TV > VWB:GNB000
18:31:51 TV < VWB:GNB
18:31:51 TV > QWB:GNB
18:31:51 TV < QWB:GNB000
18:31:51 TV > VPC:GGN000
18:31:51 TV < VPC:GGN
18:31:51 TV > QPC:GGN
18:31:51 TV < QPC:GGN000
18:31:51 TV > VWB:ISL030
18:31:51 TV < VWB:ISL
18:31:51 TV > VWB:SLG030
18:31:51 TV < VWB:SLG
18:31:51 TV > VWB:GNR000
18:31:51 TV < VWB:GNR
18:31:51 TV > QWB:GNR
18:31:51 TV < QWB:GNR000
18:31:51 TV > VWB:GNG000
18:31:51 TV < VWB:GNG
18:31:51 TV > QWB:GNG
18:31:51 TV < QWB:GNG000
18:31:51 TV > VWB:GNB000
18:31:51 TV < VWB:GNB
18:31:51 TV > QWB:GNB
18:31:51 TV < QWB:GNB000
18:31:51 TV > VPC:GGN000
18:31:51 TV < VPC:GGN
18:31:51 TV > QPC:GGN
18:31:51 TV < QPC:GGN000
18:31:51 TV > VWB:ISL040
18:31:51 TV < VWB:ISL
18:31:51 TV > VWB:SLG040
18:31:51 TV < VWB:SLG
18:31:51 TV > VWB:GNR000
18:31:51 TV < VWB:GNR
18:31:51 TV > QWB:GNR
18:31:51 TV < QWB:GNR000
18:31:51 TV > VWB:GNG000
18:31:51 TV < VWB:GNG
18:31:51 TV > QWB:GNG
18:31:51 TV < QWB:GNG000
18:31:51 TV > VWB:GNB000
18:31:51 TV < VWB:GNB
18:31:51 TV > QWB:GNB
18:31:51 TV < QWB:GNB000
18:31:51 TV > VPC:GGN000
18:31:51 TV < VPC:GGN
18:31:51 TV > QPC:GGN
18:31:51 TV < QPC:GGN000
18:31:51 TV > VWB:ISL050
18:31:51 TV < VWB:ISL
18:31:51 TV > VWB:SLG050
18:31:51 TV < VWB:SLG
18:31:51 TV > VWB:GNR000
18:31:51 TV < VWB:GNR
18:31:51 TV > QWB:GNR
18:31:51 TV < QWB:GNR000
18:31:51 TV > VWB:GNG000
18:31:51 TV < VWB:GNG
18:31:51 TV > QWB:GNG
18:31:51 TV < QWB:GNG000
18:31:51 TV > VWB:GNB000
18:31:51 TV < VWB:GNB
18:31:51 TV > QWB:GNB
18:31:51 TV < QWB:GNB000
18:31:51 TV > VPC:GGN000
18:31:51 TV < VPC:GGN
18:31:51 TV > QPC:GGN
18:31:51 TV < QPC:GGN000
18:31:51 TV > VWB:ISL060
18:31:51 TV < VWB:ISL
18:31:51 TV > VWB:SLG060
18:31:51 TV < VWB:SLG
18:31:51 TV > VWB:GNR000
18:31:51 TV < VWB:GNR
18:31:51 TV > QWB:GNR
18:31:51 TV < QWB:GNR000
18:31:51 TV > VWB:GNG000
18:31:51 TV < VWB:GNG
18:31:51 TV > QWB:GNG
18:31:51 TV < QWB:GNG000
18:31:51 TV > VWB:GNB000
18:31:51 TV < VWB:GNB
18:31:51 TV > QWB:GNB
18:31:51 TV < QWB:GNB000
18:31:51 TV > VPC:GGN000
18:31:51 TV < VPC:GGN
18:31:51 TV > QPC:GGN
18:31:51 TV < QPC:GGN000
18:31:51 TV > VWB:ISL070
18:31:51 TV < VWB:ISL
18:31:51 TV > VWB:SLG070
18:31:51 TV < VWB:SLG
18:31:51 TV > VWB:GNR000
18:31:51 TV < VWB:GNR
18:31:51 TV > QWB:GNR
18:31:51 TV < QWB:GNR000
18:31:51 TV > VWB:GNG000
18:31:51 TV < VWB:GNG
18:31:51 TV > QWB:GNG
18:31:51 TV < QWB:GNG000
18:31:51 TV > VWB:GNB000
18:31:51 TV < VWB:GNB
18:31:51 TV > QWB:GNB
18:31:51 TV < QWB:GNB000
18:31:51 TV > VPC:GGN000
18:31:51 TV < VPC:GGN
18:31:51 TV > QPC:GGN
18:31:51 TV < QPC:GGN000
18:31:51 TV > VWB:ISL080
18:31:51 TV < VWB:ISL
18:31:51 TV > VWB:SLG080
18:31:51 TV < VWB:SLG
18:31:51 TV > VWB:GNR000
18:31:51 TV < VWB:GNR
18:31:51 TV > QWB:GNR
18:31:51 TV < QWB:GNR000
18:31:51 TV > VWB:GNG000
18:31:51 TV < VWB:GNG
18:31:51 TV > QWB:GNG
18:31:51 TV < QWB:GNG000
18:31:51 TV > VWB:GNB000
18:31:51 TV < VWB:GNB
18:31:51 TV > QWB:GNB
18:31:51 TV < QWB:GNB000
18:31:51 TV > VPC:GGN000
18:31:51 TV < VPC:GGN
18:31:51 TV > QPC:GGN
18:31:51 TV < QPC:GGN000
18:31:51 TV > VWB:ISL090
18:31:51 TV < VWB:ISL
18:31:51 TV > VWB:SLG090
18:31:51 TV < VWB:SLG
18:31:51 TV > VWB:GNR000
18:31:51 TV < VWB:GNR
18:31:51 TV > QWB:GNR
18:31:51 TV < QWB:GNR000
18:31:51 TV > VWB:GNG000
18:31:51 TV < VWB:GNG
18:31:51 TV > QWB:GNG
18:31:51 TV < QWB:GNG000
18:31:51 TV > VWB:GNB000
18:31:51 TV < VWB:GNB
18:31:51 TV > QWB:GNB
18:31:51 TV < QWB:GNB000
18:31:51 TV > VPC:GGN000
18:31:51 TV < VPC:GGN
18:31:51 TV > QPC:GGN
18:31:51 TV < QPC:GGN000
18:31:51 TV > VWB:ISL100
18:31:51 TV < VWB:ISL
18:31:51 TV > VWB:SLG100
18:31:51 TV < VWB:SLG
18:31:51 TV > VWB:GNR000
18:31:51 TV < VWB:GNR
18:31:51 TV > QWB:GNR
18:31:51 TV < QWB:GNR000
18:31:51 TV > VWB:GNG000
18:31:51 TV < VWB:GNG
18:31:51 TV > QWB:GNG
18:31:51 TV < QWB:GNG000
18:31:51 TV > VWB:GNB000
18:31:51 TV < VWB:GNB
18:31:51 TV > QWB:GNB
18:31:51 TV < QWB:GNB000
18:31:51 TV > VPC:GGN000
18:31:51 TV < VPC:GGN
18:31:51 TV > QPC:GGN
18:31:51 TV < QPC:GGN000
18:31:51 TV > QPC:BRI
18:31:51 TV < QPC:BRI+30
18:31:51 TV > QPC:CON
18:31:51 TV < QPC:CON060
18:31:51 TV > QPC:COL
18:31:51 TV < QPC:COL050
18:31:51 TV > QPC:TIN
18:31:51 TV < QPC:TIN000
18:31:51 TV > QPC:SHP
18:31:51 TV < QPC:SHP050
18:31:51 TV > QPC:TMP
18:31:52 TV < QPC:TMPWRM2
18:31:52 TV > QPC:GMM
18:31:52 TV < QPC:GMM2.4
18:31:52 TV > QPC:PBR
18:31:52 TV < QPC:PBRLow
18:31:52 TV > QPC:CGU
18:31:52 TV < QPC:CGUREC
18:31:52 TV > QWB:HIR
18:31:52 TV < QWB:HIR000
18:31:52 TV > QWB:HIG
18:31:52 TV < QWB:HIG000
18:31:52 TV > QWB:HIB
18:31:52 TV < QWB:HIB000
18:31:52 TV > QWB:LOR
18:31:52 TV < QWB:LOR000
18:31:52 TV > QWB:LOG
18:31:52 TV < QWB:LOG000
18:31:52 TV > QWB:LOB
18:31:52 TV < QWB:LOB000
18:31:52 TV > VWB:ISL010
18:31:52 TV < VWB:ISL
18:31:52 TV > VWB:SLG010
18:31:52 TV < VWB:SLG
18:31:52 TV > QWB:GNR
18:31:52 TV < QWB:GNR000
18:31:52 TV > QWB:GNG
18:31:52 TV < QWB:GNG000
18:31:52 TV > QWB:GNB
18:31:52 TV < QWB:GNB000
18:31:52 TV > QPC:GGN
18:31:52 TV < QPC:GGN000
18:31:52 TV > VWB:ISL020
18:31:52 TV < VWB:ISL
18:31:52 TV > VWB:SLG020
18:31:52 TV < VWB:SLG
18:31:52 TV > QWB:GNR
18:31:52 TV < QWB:GNR000
18:31:52 TV > QWB:GNG
18:31:52 TV < QWB:GNG000
18:31:52 TV > QWB:GNB
18:31:52 TV < QWB:GNB000
18:31:52 TV > QPC:GGN
18:31:52 TV < QPC:GGN000
18:31:52 TV > VWB:ISL030
18:31:52 TV < VWB:ISL
18:31:52 TV > VWB:SLG030
18:31:52 TV < VWB:SLG
18:31:52 TV > QWB:GNR
18:31:52 TV < QWB:GNR000
18:31:52 TV > QWB:GNG
18:31:52 TV < QWB:GNG000
18:31:52 TV > QWB:GNB
18:31:52 TV < QWB:GNB000
18:31:52 TV > QPC:GGN
18:31:52 TV < QPC:GGN000
18:31:52 TV > VWB:ISL040
18:31:52 TV < VWB:ISL
18:31:52 TV > VWB:SLG040
18:31:52 TV < VWB:SLG
18:31:52 TV > QWB:GNR
18:31:52 TV < QWB:GNR000
18:31:52 TV > QWB:GNG
18:31:52 TV < QWB:GNG000
18:31:52 TV > QWB:GNB
18:31:52 TV < QWB:GNB000
18:31:52 TV > QPC:GGN
18:31:52 TV < QPC:GGN000
18:31:52 TV > VWB:ISL050
18:31:52 TV < VWB:ISL
18:31:52 TV > VWB:SLG050
18:31:52 TV < VWB:SLG
18:31:52 TV > QWB:GNR
18:31:52 TV < QWB:GNR000
18:31:52 TV > QWB:GNG
18:31:52 TV < QWB:GNG000
18:31:52 TV > QWB:GNB
18:31:52 TV < QWB:GNB000
18:31:52 TV > QPC:GGN
18:31:52 TV < QPC:GGN000
18:31:52 TV > VWB:ISL060
18:31:52 TV < VWB:ISL
18:31:52 TV > VWB:SLG060
18:31:52 TV < VWB:SLG
18:31:52 TV > QWB:GNR
18:31:52 TV < QWB:GNR000
18:31:52 TV > QWB:GNG
18:31:52 TV < QWB:GNG000
18:31:52 TV > QWB:GNB
18:31:52 TV < QWB:GNB000
18:31:52 TV > QPC:GGN
18:31:52 TV < QPC:GGN000
18:31:52 TV > VWB:ISL070
18:31:52 TV < VWB:ISL
18:31:52 TV > VWB:SLG070
18:31:52 TV < VWB:SLG
18:31:52 TV > QWB:GNR
18:31:52 TV < QWB:GNR000
18:31:52 TV > QWB:GNG
18:31:52 TV < QWB:GNG000
18:31:52 TV > QWB:GNB
18:31:52 TV < QWB:GNB000
18:31:52 TV > QPC:GGN
18:31:52 TV < QPC:GGN000
18:31:52 TV > VWB:ISL080
18:31:52 TV < VWB:ISL
18:31:52 TV > VWB:SLG080
18:31:52 TV < VWB:SLG
18:31:52 TV > QWB:GNR
18:31:52 TV < QWB:GNR000
18:31:52 TV > QWB:GNG
18:31:52 TV < QWB:GNG000
18:31:52 TV > QWB:GNB
18:31:52 TV < QWB:GNB000
18:31:52 TV > QPC:GGN
18:31:52 TV < QPC:GGN000
18:31:52 TV > VWB:ISL090
18:31:52 TV < VWB:ISL
18:31:52 TV > VWB:SLG090
18:31:52 TV < VWB:SLG
18:31:52 TV > QWB:GNR
18:31:52 TV < QWB:GNR000
18:31:52 TV > QWB:GNG
18:31:52 TV < QWB:GNG000
18:31:52 TV > QWB:GNB
18:31:52 TV < QWB:GNB000
18:31:52 TV > QPC:GGN
18:31:52 TV < QPC:GGN000
18:31:52 TV > VWB:ISL100
18:31:52 TV < VWB:ISL
18:31:52 TV > VWB:SLG100
18:31:52 TV < VWB:SLG
18:31:52 TV > QWB:GNR
18:31:52 TV < QWB:GNR000
18:31:52 TV > QWB:GNG
18:31:52 TV < QWB:GNG000
18:31:52 TV > QWB:GNB
18:31:52 TV < QWB:GNB000
18:31:52 TV > QPC:GGN
18:31:52 TV < QPC:GGN000
18:31:52 SETUP PASS picture controls verified and grayscale controls reset
18:31:52 PATCH   0% area=0.065 range=full \\.\DISPLAY2
18:31:54 MEASURE stage=baseline level=0% read=1/2
18:32:13 METER | Result is XYZ: 0.414612 0.445263 0.396298, D50 Lab: 4.022046 -0.594065 -0.547484
18:32:13 METER | Place instrument on spot to be measured,
18:32:13 METER | and hit [A-Z] to read white and setup FWA compensation (keyed to letter)
18:32:13 METER | [a-z] to read and make FWA compensated reading from keyed reference
18:32:13 METER | 'r' to set reference, 's' to save spectrum,
18:32:13 METER | 'f' to report cal. refresh rate, 'F' to measure refresh rate
18:32:13 METER | 'h' to toggle high res., 'k' to do a calibration
18:32:13 METER | Hit ESC or Q to exit, any other key to take a reading:
18:32:13 MEASURE stage=baseline level=0% read=2/2
18:32:33 METER | Result is XYZ: 0.415212 0.447327 0.396733, D50 Lab: 4.040689 -0.650211 -0.523540
18:32:33 METER | Place instrument on spot to be measured,
18:32:33 METER | and hit [A-Z] to read white and setup FWA compensation (keyed to letter)
18:32:33 METER | [a-z] to read and make FWA compensated reading from keyed reference
18:32:33 METER | 'r' to set reference, 's' to save spectrum,
18:32:33 METER | 'f' to report cal. refresh rate, 'F' to measure refresh rate
18:32:33 METER | 'h' to toggle high res., 'k' to do a calibration
18:32:33 METER | Hit ESC or Q to exit, any other key to take a reading:
18:32:33 POINT stage=baseline level=0% Y=0.446295 xy=(0.32989,0.35484) noise_uv=0.000299 noise_Y=0.23%
18:32:33 PATCH   5% area=0.065 range=full \\.\DISPLAY2
18:32:35 MEASURE stage=baseline level=5% read=1/3
18:32:53 METER | Result is XYZ: 0.940469 1.024119 0.933991, D50 Lab: 9.190771 -1.750402 -1.477609
18:32:53 METER | Place instrument on spot to be measured,
18:32:53 METER | and hit [A-Z] to read white and setup FWA compensation (keyed to letter)
18:32:53 METER | [a-z] to read and make FWA compensated reading from keyed reference
18:32:53 METER | 'r' to set reference, 's' to save spectrum,
18:32:53 METER | 'f' to report cal. refresh rate, 'F' to measure refresh rate
18:32:53 METER | 'h' to toggle high res., 'k' to do a calibration
18:32:53 METER | Hit ESC or Q to exit, any other key to take a reading:
18:32:53 MEASURE stage=baseline level=5% read=2/3
18:33:10 METER | Result is XYZ: 0.945236 1.029197 0.947284, D50 Lab: 9.232336 -1.749351 -1.618001
18:33:10 METER | Place instrument on spot to be measured,
18:33:10 METER | and hit [A-Z] to read white and setup FWA compensation (keyed to letter)
18:33:10 METER | [a-z] to read and make FWA compensated reading from keyed reference
18:33:10 METER | 'r' to set reference, 's' to save spectrum,
18:33:10 METER | 'f' to report cal. refresh rate, 'F' to measure refresh rate
18:33:10 METER | 'h' to toggle high res., 'k' to do a calibration
18:33:10 METER | Hit ESC or Q to exit, any other key to take a reading:
18:33:10 MEASURE stage=baseline level=5% read=3/3
18:33:28 METER | Result is XYZ: 1.004836 1.107466 0.987215, D50 Lab: 9.856401 -2.235843 -1.167339
18:33:28 METER | Place instrument on spot to be measured,
18:33:28 METER | and hit [A-Z] to read white and setup FWA compensation (keyed to letter)
18:33:28 METER | [a-z] to read and make FWA compensated reading from keyed reference
18:33:28 METER | 'r' to set reference, 's' to save spectrum,
18:33:28 METER | 'f' to report cal. refresh rate, 'F' to measure refresh rate
18:33:28 METER | 'h' to toggle high res., 'k' to do a calibration
18:33:28 METER | Hit ESC or Q to exit, any other key to take a reading:
18:33:28 POINT stage=baseline level=5% Y=1.029197 xy=(0.32352,0.35226) noise_uv=0.002879 noise_Y=7.60%
18:33:28 PATCH  10% area=0.065 range=full \\.\DISPLAY2
18:33:30 MEASURE stage=baseline level=10% read=1/3
18:33:40 METER | Result is XYZ: 1.838516 1.920755 2.165948, D50 Lab: 15.065758 -0.325712 -5.882796
18:33:40 METER | Place instrument on spot to be measured,
18:33:40 METER | and hit [A-Z] to read white and setup FWA compensation (keyed to letter)
18:33:40 METER | [a-z] to read and make FWA compensated reading from keyed reference
18:33:40 METER | 'r' to set reference, 's' to save spectrum,
18:33:40 METER | 'f' to report cal. refresh rate, 'F' to measure refresh rate
18:33:40 METER | 'h' to toggle high res., 'k' to do a calibration
18:33:40 METER | Hit ESC or Q to exit, any other key to take a reading:
18:33:40 MEASURE stage=baseline level=10% read=2/3
18:33:50 METER | Result is XYZ: 1.845910 1.919533 2.184764, D50 Lab: 15.059171 -0.118471 -6.065788
18:33:50 METER | Place instrument on spot to be measured,
18:33:50 METER | and hit [A-Z] to read white and setup FWA compensation (keyed to letter)
18:33:50 METER | [a-z] to read and make FWA compensated reading from keyed reference
18:33:50 METER | 'r' to set reference, 's' to save spectrum,
18:33:50 METER | 'f' to report cal. refresh rate, 'F' to measure refresh rate
18:33:50 METER | 'h' to toggle high res., 'k' to do a calibration
18:33:50 METER | Hit ESC or Q to exit, any other key to take a reading:
18:33:50 MEASURE stage=baseline level=10% read=3/3
18:34:01 METER | Result is XYZ: 1.845267 1.919736 2.177217, D50 Lab: 15.060266 -0.138718 -5.995175
18:34:01 METER | Place instrument on spot to be measured,
18:34:01 METER | and hit [A-Z] to read white and setup FWA compensation (keyed to letter)
18:34:01 METER | [a-z] to read and make FWA compensated reading from keyed reference
18:34:01 METER | 'r' to set reference, 's' to save spectrum,
18:34:01 METER | 'f' to report cal. refresh rate, 'F' to measure refresh rate
18:34:01 METER | 'h' to toggle high res., 'k' to do a calibration
18:34:01 METER | Hit ESC or Q to exit, any other key to take a reading:
18:34:01 POINT stage=baseline level=10% Y=1.919736 xy=(0.31053,0.32307) noise_uv=0.000817 noise_Y=0.05%
18:34:01 PATCH  15% area=0.065 range=full \\.\DISPLAY2
18:34:03 MEASURE stage=baseline level=15% read=1/1
18:34:10 METER | Result is XYZ: 2.941170 3.067482 3.580805, D50 Lab: 20.312153 -0.291677 -7.682081
18:34:10 METER | Place instrument on spot to be measured,
18:34:10 METER | and hit [A-Z] to read white and setup FWA compensation (keyed to letter)
18:34:10 METER | [a-z] to read and make FWA compensated reading from keyed reference
18:34:10 METER | 'r' to set reference, 's' to save spectrum,
18:34:10 METER | 'f' to report cal. refresh rate, 'F' to measure refresh rate
18:34:10 METER | 'h' to toggle high res., 'k' to do a calibration
18:34:10 METER | Hit ESC or Q to exit, any other key to take a reading:
18:34:10 POINT stage=baseline level=15% Y=3.067482 xy=(0.30671,0.31988) noise_uv=0.000000 noise_Y=0.00%
18:34:10 PATCH  20% area=0.065 range=full \\.\DISPLAY2
18:34:12 MEASURE stage=baseline level=20% read=1/1
18:34:17 METER | Result is XYZ: 4.134738 4.414694 5.337385, D50 Lab: 24.997577 -1.703561 -9.606373
18:34:17 METER | Place instrument on spot to be measured,
18:34:17 METER | and hit [A-Z] to read white and setup FWA compensation (keyed to letter)
18:34:17 METER | [a-z] to read and make FWA compensated reading from keyed reference
18:34:17 METER | 'r' to set reference, 's' to save spectrum,
18:34:17 METER | 'f' to report cal. refresh rate, 'F' to measure refresh rate
18:34:17 METER | 'h' to toggle high res., 'k' to do a calibration
18:34:17 METER | Hit ESC or Q to exit, any other key to take a reading:
18:34:17 POINT stage=baseline level=20% Y=4.414694 xy=(0.29775,0.31791) noise_uv=0.000000 noise_Y=0.00%
18:34:18 PATCH  25% area=0.065 range=full \\.\DISPLAY2
18:34:20 MEASURE stage=baseline level=25% read=1/1
18:34:23 METER | Result is XYZ: 6.146228 6.355773 7.637740, D50 Lab: 30.292872 0.194885 -10.664215
18:34:23 METER | Place instrument on spot to be measured,
18:34:23 METER | and hit [A-Z] to read white and setup FWA compensation (keyed to letter)
18:34:23 METER | [a-z] to read and make FWA compensated reading from keyed reference
18:34:23 METER | 'r' to set reference, 's' to save spectrum,
18:34:23 METER | 'f' to report cal. refresh rate, 'F' to measure refresh rate
18:34:23 METER | 'h' to toggle high res., 'k' to do a calibration
18:34:23 METER | Hit ESC or Q to exit, any other key to take a reading:
18:34:23 POINT stage=baseline level=25% Y=6.355773 xy=(0.30518,0.31558) noise_uv=0.000000 noise_Y=0.00%
18:34:23 PATCH  30% area=0.065 range=full \\.\DISPLAY2
18:34:25 MEASURE stage=baseline level=30% read=1/1
18:34:28 METER | Result is XYZ: 8.223024 8.587050 10.173724, D50 Lab: 35.176745 -0.504113 -11.317442
18:34:28 METER | Place instrument on spot to be measured,
18:34:28 METER | and hit [A-Z] to read white and setup FWA compensation (keyed to letter)
18:34:28 METER | [a-z] to read and make FWA compensated reading from keyed reference
18:34:28 METER | 'r' to set reference, 's' to save spectrum,
18:34:28 METER | 'f' to report cal. refresh rate, 'F' to measure refresh rate
18:34:28 METER | 'h' to toggle high res., 'k' to do a calibration
18:34:28 METER | Hit ESC or Q to exit, any other key to take a reading:
18:34:28 POINT stage=baseline level=30% Y=8.587050 xy=(0.30474,0.31823) noise_uv=0.000000 noise_Y=0.00%
18:34:28 PATCH  35% area=0.065 range=full \\.\DISPLAY2
18:34:30 MEASURE stage=baseline level=35% read=1/1
18:34:32 METER | Result is XYZ: 10.837841 11.212666 13.302684, D50 Lab: 39.936370 0.197248 -12.419665
18:34:32 METER | Place instrument on spot to be measured,
18:34:32 METER | and hit [A-Z] to read white and setup FWA compensation (keyed to letter)
18:34:32 METER | [a-z] to read and make FWA compensated reading from keyed reference
18:34:32 METER | 'r' to set reference, 's' to save spectrum,
18:34:32 METER | 'f' to report cal. refresh rate, 'F' to measure refresh rate
18:34:32 METER | 'h' to toggle high res., 'k' to do a calibration
18:34:32 METER | Hit ESC or Q to exit, any other key to take a reading:
18:34:32 POINT stage=baseline level=35% Y=11.212666 xy=(0.30656,0.31716) noise_uv=0.000000 noise_Y=0.00%
18:34:32 PATCH  40% area=0.065 range=full \\.\DISPLAY2
18:34:34 MEASURE stage=baseline level=40% read=1/1
18:34:37 METER | Result is XYZ: 15.007323 15.552123 18.047213, D50 Lab: 46.381318 0.071236 -12.958477
18:34:37 METER | Place instrument on spot to be measured,
18:34:37 METER | and hit [A-Z] to read white and setup FWA compensation (keyed to letter)
18:34:37 METER | [a-z] to read and make FWA compensated reading from keyed reference
18:34:37 METER | 'r' to set reference, 's' to save spectrum,
18:34:37 METER | 'f' to report cal. refresh rate, 'F' to measure refresh rate
18:34:37 METER | 'h' to toggle high res., 'k' to do a calibration
18:34:37 METER | Hit ESC or Q to exit, any other key to take a reading:
18:34:37 POINT stage=baseline level=40% Y=15.552123 xy=(0.30875,0.31996) noise_uv=0.000000 noise_Y=0.00%
18:34:37 PATCH  45% area=0.065 range=full \\.\DISPLAY2
18:34:39 MEASURE stage=baseline level=45% read=1/1
18:34:43 METER | Result is XYZ: 5.148143 5.351071 0.981937, D50 Lab: 27.712424 -0.138562 29.700581
18:34:43 METER | Place instrument on spot to be measured,
18:34:43 METER | and hit [A-Z] to read white and setup FWA compensation (keyed to letter)
18:34:43 METER | [a-z] to read and make FWA compensated reading from keyed reference
18:34:43 METER | 'r' to set reference, 's' to save spectrum,
18:34:43 METER | 'f' to report cal. refresh rate, 'F' to measure refresh rate
18:34:43 METER | 'h' to toggle high res., 'k' to do a calibration
18:34:43 METER | Hit ESC or Q to exit, any other key to take a reading:
18:34:43 POINT stage=baseline level=45% Y=5.351071 xy=(0.44840,0.46607) noise_uv=0.000000 noise_Y=0.00%
18:34:43 PATCH  50% area=0.065 range=full \\.\DISPLAY2
18:34:45 MEASURE stage=baseline level=50% read=1/1
18:34:48 METER | Result is XYZ: 22.834564 22.481547 31.011670, D50 Lab: 54.534250 5.319247 -22.734863
18:34:48 METER | Place instrument on spot to be measured,
18:34:48 METER | and hit [A-Z] to read white and setup FWA compensation (keyed to letter)
18:34:48 METER | [a-z] to read and make FWA compensated reading from keyed reference
18:34:48 METER | 'r' to set reference, 's' to save spectrum,
18:34:48 METER | 'f' to report cal. refresh rate, 'F' to measure refresh rate
18:34:48 METER | 'h' to toggle high res., 'k' to do a calibration
18:34:48 METER | Hit ESC or Q to exit, any other key to take a reading:
18:34:48 POINT stage=baseline level=50% Y=22.481547 xy=(0.29916,0.29454) noise_uv=0.000000 noise_Y=0.00%
18:34:48 PATCH  55% area=0.065 range=full \\.\DISPLAY2
18:34:50 MEASURE stage=baseline level=55% read=1/1
18:34:53 METER | Result is XYZ: 21.790674 22.841041 26.059448, D50 Lab: 54.908226 -1.080383 -13.956956
18:34:53 METER | Place instrument on spot to be measured,
18:34:53 METER | and hit [A-Z] to read white and setup FWA compensation (keyed to letter)
18:34:53 METER | [a-z] to read and make FWA compensated reading from keyed reference
18:34:53 METER | 'r' to set reference, 's' to save spectrum,
18:34:53 METER | 'f' to report cal. refresh rate, 'F' to measure refresh rate
18:34:53 METER | 'h' to toggle high res., 'k' to do a calibration
18:34:53 METER | Hit ESC or Q to exit, any other key to take a reading:
18:34:53 POINT stage=baseline level=55% Y=22.841041 xy=(0.30825,0.32311) noise_uv=0.000000 noise_Y=0.00%
18:34:53 PATCH  60% area=0.065 range=full \\.\DISPLAY2
